Archive member included to satisfy reference by file (symbol)

C:/Program Files/SEGGER/SEGGER Embedded Studio for ARM 5.20a/lib/libc_v7em_fpv4_sp_d16_hard_t_le_eabi.a(libc_asm.o)
                              Output/Release/Obj/ble_app_beacon_pca10056_s140/bsp.o (__aeabi_uldivmod)
C:/Program Files/SEGGER/SEGGER Embedded Studio for ARM 5.20a/lib/libc_v7em_fpv4_sp_d16_hard_t_le_eabi.a(libc2.o)
                              Output/Release/Obj/ble_app_beacon_pca10056_s140/nrf_log_str_formatter.o (isprint)
C:/Program Files/SEGGER/SEGGER Embedded Studio for ARM 5.20a/lib/libc_v7em_fpv4_sp_d16_hard_t_le_eabi.a(libc2_asm.o)
                              Output/Release/Obj/ble_app_beacon_pca10056_s140/nrf_log_frontend.o (memcpy)
C:/Program Files/SEGGER/SEGGER Embedded Studio for ARM 5.20a/lib/libc_v7em_fpv4_sp_d16_hard_t_le_eabi.a(libvfprintf.o)
                              (__vfprintf_long)
C:/Program Files/SEGGER/SEGGER Embedded Studio for ARM 5.20a/lib/libc_v7em_fpv4_sp_d16_hard_t_le_eabi.a(libvfscanf.o)
                              (__vfscanf_long)
C:/Program Files/SEGGER/SEGGER Embedded Studio for ARM 5.20a/lib/libc_v7em_fpv4_sp_d16_hard_t_le_eabi.a(libc.o)
                              C:/Program Files/SEGGER/SEGGER Embedded Studio for ARM 5.20a/lib/libc_v7em_fpv4_sp_d16_hard_t_le_eabi.a(libc2.o) (__heap_lock)
C:/Program Files/SEGGER/SEGGER Embedded Studio for ARM 5.20a/lib/libdebugio_v7em_fpv4_sp_d16_hard_t_le_eabi.a(libdebugio.o)
                              Output/Release/Obj/ble_app_beacon_pca10056_s140/thumb_crt0.o (debug_fopen)
C:/Program Files/SEGGER/SEGGER Embedded Studio for ARM 5.20a/lib/libdebugio_v7em_fpv4_sp_d16_hard_t_le_eabi.a(do_nv_debug_operation.o)
                              C:/Program Files/SEGGER/SEGGER Embedded Studio for ARM 5.20a/lib/libdebugio_v7em_fpv4_sp_d16_hard_t_le_eabi.a(libdebugio.o) (__do_nvdebug_operation)
C:/Program Files/SEGGER/SEGGER Embedded Studio for ARM 5.20a/lib/libdebugio_v7em_fpv4_sp_d16_hard_t_le_eabi.a(mempoll_debug_operations.o)
                              (__do_debug_operation_mempoll)
C:/Program Files/SEGGER/SEGGER Embedded Studio for ARM 5.20a/lib/libm_v7em_fpv4_sp_d16_hard_t_le_eabi.a(libm_asm.o)
                              C:/Program Files/SEGGER/SEGGER Embedded Studio for ARM 5.20a/lib/libc_v7em_fpv4_sp_d16_hard_t_le_eabi.a(libc2.o) (__aeabi_dadd)
C:/Program Files/SEGGER/SEGGER Embedded Studio for ARM 5.20a/lib/libm_v7em_fpv4_sp_d16_hard_t_le_eabi.a(libm2.o)
                              C:/Program Files/SEGGER/SEGGER Embedded Studio for ARM 5.20a/lib/libc_v7em_fpv4_sp_d16_hard_t_le_eabi.a(libvfprintf.o) (frexp)

Discarded input sections

 .text          0x0000000000000000        0x0 Output/Release/Obj/ble_app_beacon_pca10056_s140/thumb_crt0.o
 .data          0x0000000000000000        0x0 Output/Release/Obj/ble_app_beacon_pca10056_s140/thumb_crt0.o
 .bss           0x0000000000000000        0x0 Output/Release/Obj/ble_app_beacon_pca10056_s140/thumb_crt0.o
 .text.__aeabi_read_tp
                0x0000000000000000        0x8 Output/Release/Obj/ble_app_beacon_pca10056_s140/thumb_crt0.o
 .text.abort    0x0000000000000000        0x2 Output/Release/Obj/ble_app_beacon_pca10056_s140/thumb_crt0.o
 .text.__assert
                0x0000000000000000        0x2 Output/Release/Obj/ble_app_beacon_pca10056_s140/thumb_crt0.o
 .text.__assert_func
                0x0000000000000000        0x2 Output/Release/Obj/ble_app_beacon_pca10056_s140/thumb_crt0.o
 .text.__aeabi_assert
                0x0000000000000000        0x2 Output/Release/Obj/ble_app_beacon_pca10056_s140/thumb_crt0.o
 .text.__sync_synchronize
                0x0000000000000000        0x2 Output/Release/Obj/ble_app_beacon_pca10056_s140/thumb_crt0.o
 .text.__getchar
                0x0000000000000000        0x4 Output/Release/Obj/ble_app_beacon_pca10056_s140/thumb_crt0.o
 .text.__putchar
                0x0000000000000000        0x4 Output/Release/Obj/ble_app_beacon_pca10056_s140/thumb_crt0.o
 .text.__open   0x0000000000000000        0x4 Output/Release/Obj/ble_app_beacon_pca10056_s140/thumb_crt0.o
 .text.__close  0x0000000000000000        0x4 Output/Release/Obj/ble_app_beacon_pca10056_s140/thumb_crt0.o
 .text.__write  0x0000000000000000        0xa Output/Release/Obj/ble_app_beacon_pca10056_s140/thumb_crt0.o
 .text.__read   0x0000000000000000        0xa Output/Release/Obj/ble_app_beacon_pca10056_s140/thumb_crt0.o
 .text.__seek   0x0000000000000000       0x1a Output/Release/Obj/ble_app_beacon_pca10056_s140/thumb_crt0.o
 .text.remove   0x0000000000000000        0x4 Output/Release/Obj/ble_app_beacon_pca10056_s140/thumb_crt0.o
 .text.rename   0x0000000000000000        0x4 Output/Release/Obj/ble_app_beacon_pca10056_s140/thumb_crt0.o
 .bss.__user_locale_name_buffer
                0x0000000000000000        0x4 Output/Release/Obj/ble_app_beacon_pca10056_s140/thumb_crt0.o
 .stack         0x0000000000000000        0x0 Output/Release/Obj/ble_app_beacon_pca10056_s140/thumb_crt0.o
 .stack_process
[...]
Memory Configuration

Name             Origin             Length             Attributes
UNPLACED_SECTIONS 0x0000000100000000 0x0000000000000000 xw
RAM              0x0000000020000000 0x0000000000040000 xw
FLASH            0x0000000000000000 0x0000000000100000 xw
*default*        0x0000000000000000 0xffffffffffffffff

Linker script and memory map

                0x0000000000000000                __do_debug_operation = __do_debug_operation_mempoll
                0x0000000000000000                __vfprintf = __vfprintf_long
                0x0000000000000000                __vfscanf = __vfscanf_long
                0x0000000020000000                __RAM_segment_start__ = 0x20000000
                0x0000000020040000                __RAM_segment_end__ = 0x20040000
                0x0000000000040000                __RAM_segment_size__ = 0x40000
                0x0000000000000000                __FLASH_segment_start__ = 0x0
                0x0000000000100000                __FLASH_segment_end__ = 0x100000
                0x0000000000100000                __FLASH_segment_size__ = 0x100000
                0x0000000000002000                __HEAPSIZE__ = 0x2000
                0x0000000000000000                __STACKSIZE_PROCESS__ = 0x0
                0x0000000000002000                __STACKSIZE__ = 0x2000
                0x0000000020000000                __reserved_ram_load_start__ = 0x20000000

.reserved_ram   0x0000000020000000     0x2d58
                0x0000000020000000                __reserved_ram_start__ = .
 *(.reserved_ram .reserved_ram.*)
                0x0000000020002d58                . = MAX (((__reserved_ram_start__ + 0x20002d58) - 0x20000000), .)
 *fill*         0x0000000020000000     0x2d58 
                0x0000000020002d58                __reserved_ram_end__ = (__reserved_ram_start__ + SIZEOF (.reserved_ram))
                0x0000000000002d58                __reserved_ram_size__ = SIZEOF (.reserved_ram)
                0x0000000020002d58                __reserved_ram_load_end__ = __reserved_ram_end__
                0x0000000000000001                . = ASSERT (((__reserved_ram_start__ == __reserved_ram_end__) || ((__reserved_ram_end__ - __RAM_segment_start__) <= __RAM_segment_size__)), error: .reserved_ram is too large to fit in RAM memory segment)
                0x0000000020002d58                __vectors_ram_load_start__ = 0x20002d58

.vectors_ram    0x0000000020002d58        0x0
                0x0000000020002d58                __vectors_ram_start__ = .
                0x0000000020002d58                __app_ram_start__ = __vectors_ram_start__
 *(.vectors_ram .vectors_ram.*)
                0x0000000020002d58                __vectors_ram_end__ = (__vectors_ram_start__ + SIZEOF (.vectors_ram))
                0x0000000000000000                __vectors_ram_size__ = SIZEOF (.vectors_ram)
                0x0000000020002d58                __vectors_ram_load_end__ = __vectors_ram_end__
                0x0000000000000001                . = ASSERT (((__vectors_ram_start__ == __vectors_ram_end__) || ((__vectors_ram_end__ - __RAM_segment_start__) <= __RAM_segment_size__)), error: .vectors_ram is too large to fit in RAM memory segment)
                0x0000000000000001                . = ASSERT ((__reserved_ram_end__ <= __vectors_ram_start__), error: section .reserved_ram overlaps absolute placed section .vectors_ram)
                0x0000000020002d58                __nrf_sections_run_load_start__ = ALIGN (__vectors_ram_end__, 0x4)

.nrf_sections_run
                0x0000000020002d58        0x0
                0x0000000020002d58                __nrf_sections_run_start__ = .
                0x0000000020002d58                __start_nrf_sections_run = __nrf_sections_run_start__
 *(.nrf_sections_run .nrf_sections_run.*)
                0x0000000020002d58                __nrf_sections_run_end__ = (__nrf_sections_run_start__ + SIZEOF (.nrf_sections_run))
                0x0000000000000000                __nrf_sections_run_size__ = SIZEOF (.nrf_sections_run)
                0x0000000020002d58                __nrf_sections_run_load_end__ = __nrf_sections_run_end__
                0x0000000000000001                . = ASSERT (((__nrf_sections_run_start__ == __nrf_sections_run_end__) || ((__nrf_sections_run_end__ - __RAM_segment_start__) <= __RAM_segment_size__)), error: .nrf_sections_run is too large to fit in RAM memory segment)
                0x0000000000000000                __reserved_flash_load_start__ = 0x0

.reserved_flash
                0x0000000000000000    0x26000
                0x0000000000000000                __reserved_flash_start__ = .
 *(.reserved_flash .reserved_flash.*)
                0x0000000000026000                . = MAX (((__reserved_flash_start__ + 0x26000) - 0x0), .)
 *fill*         0x0000000000000000    0x26000 
                0x0000000000026000                __reserved_flash_end__ = (__reserved_flash_start__ + SIZEOF (.reserved_flash))
                0x0000000000026000                __reserved_flash_size__ = SIZEOF (.reserved_flash)
                0x0000000000026000                __reserved_flash_load_end__ = __reserved_flash_end__
                0x0000000000000001                . = ASSERT (((__reserved_flash_start__ == __reserved_flash_end__) || ((__reserved_flash_end__ - __FLASH_segment_start__) <= __FLASH_segment_size__)), error: .reserved_flash is too large to fit in FLASH memory segment)
                0x0000000000026000                __vectors_load_start__ = 0x26000

.vectors        0x0000000000026000      0x200
                0x0000000000026000                __vectors_start__ = .
 *(.vectors .vectors.*)
 .vectors       0x0000000000026000      0x200 Output/Release/Obj/ble_app_beacon_pca10056_s140/ses_startup_nrf52840.o
                0x0000000000026000                _vectors
                0x0000000000026200                __vectors_end__ = (__vectors_start__ + SIZEOF (.vectors))
                0x0000000000000200                __vectors_size__ = SIZEOF (.vectors)
                0x0000000000026200                __vectors_load_end__ = __vectors_end__
                0x0000000000000001                . = ASSERT (((__vectors_start__ == __vectors_end__) || ((__vectors_end__ - __FLASH_segment_start__) <= __FLASH_segment_size__)), error: .vectors is too large to fit in FLASH memory segment)
                0x0000000000000001                . = ASSERT ((__reserved_flash_end__ <= __vectors_start__), error: section .reserved_flash overlaps absolute placed section .vectors)
                0x0000000000026200                __init_load_start__ = ALIGN (__vectors_end__, 0x4)

.init           0x0000000000026200      0x1d4
                0x0000000000026200                __init_start__ = .
 *(.init .init.*)
 .init          0x0000000000026200      0x15c Output/Release/Obj/ble_app_beacon_pca10056_s140/thumb_crt0.o
                0x0000000000026200                _start
                0x00000000000262b4                exit
 .init          0x000000000002635c       0x18 Output/Release/Obj/ble_app_beacon_pca10056_s140/ses_startup_nrf52840.o
                0x000000000002635c                NMI_Handler
                0x000000000002635e                HardFault_Handler
                0x0000000000026360                MemoryManagement_Handler
                0x0000000000026362                BusFault_Handler
                0x0000000000026364                UsageFault_Handler
                0x0000000000026366                SVC_Handler
                0x0000000000026368                DebugMon_Handler
                0x000000000002636a                PendSV_Handler
                0x000000000002636c                SysTick_Handler
                0x000000000002636e                RADIO_IRQHandler
                0x000000000002636e                PDM_IRQHandler
                0x000000000002636e                TEMP_IRQHandler
                0x000000000002636e                QDEC_IRQHandler
                0x000000000002636e                RTC0_IRQHandler
                0x000000000002636e                PWM3_IRQHandler
                0x000000000002636e                FPU_IRQHandler
                0x000000000002636e                USBD_IRQHandler
                0x000000000002636e                SPIM0_SPIS0_TWIM0_TWIS0_SPI0_TWI0_IRQHandler
                0x000000000002636e                PWM1_IRQHandler
                0x000000000002636e                TIMER4_IRQHandler
                0x000000000002636e                CRYPTOCELL_IRQHandler
                0x000000000002636e                I2S_IRQHandler
                0x000000000002636e                TIMER3_IRQHandler
                0x000000000002636e                TIMER0_IRQHandler
                0x000000000002636e                UARTE1_IRQHandler
                0x000000000002636e                Dummy_Handler
                0x000000000002636e                TIMER1_IRQHandler
                0x000000000002636e                SPIM3_IRQHandler
                0x000000000002636e                PWM2_IRQHandler
                0x000000000002636e                ECB_IRQHandler
                0x000000000002636e                SPIM1_SPIS1_TWIM1_TWIS1_SPI1_TWI1_IRQHandler
                0x000000000002636e                SAADC_IRQHandler
                0x000000000002636e                CCM_AAR_IRQHandler
                0x000000000002636e                WDT_IRQHandler
                0x000000000002636e                QSPI_IRQHandler
                0x000000000002636e                SWI5_EGU5_IRQHandler
                0x000000000002636e                RNG_IRQHandler
                0x000000000002636e                RTC2_IRQHandler
                0x000000000002636e                PWM0_IRQHandler
                0x000000000002636e                SWI3_EGU3_IRQHandler
                0x000000000002636e                SWI1_EGU1_IRQHandler
                0x000000000002636e                SPIM2_SPIS2_SPI2_IRQHandler
                0x000000000002636e                NFCT_IRQHandler
                0x000000000002636e                SWI4_EGU4_IRQHandler
                0x000000000002636e                MWU_IRQHandler
                0x000000000002636e                TIMER2_IRQHandler
                0x000000000002636e                COMP_LPCOMP_IRQHandler
                0x0000000000026370                nRFInitialize
 .init          0x0000000000026374       0x60 Output/Release/Obj/ble_app_beacon_pca10056_s140/ses_startup_nrf_common.o
                0x0000000000026374                Reset_Handler
                0x000000000002639c                InitializeUserMemorySections
                0x00000000000263d4                __init_end__ = (__init_start__ + SIZEOF (.init))
                0x00000000000001d4                __init_size__ = SIZEOF (.init)
                0x00000000000263d4                __init_load_end__ = __init_end__
                0x0000000000000001                . = ASSERT (((__init_start__ == __init_end__) || ((__init_end__ - __FLASH_segment_start__) <= __FLASH_segment_size__)), error: .init is too large to fit in FLASH memory segment)
                0x00000000000263d4                __init_rodata_load_start__ = ALIGN (__init_end__, 0x4)

.init_rodata    0x00000000000263d4        0x0
                0x00000000000263d4                __init_rodata_start__ = .
 *(.init_rodata .init_rodata.*)
                0x00000000000263d4                __init_rodata_end__ = (__init_rodata_start__ + SIZEOF (.init_rodata))
                0x0000000000000000                __init_rodata_size__ = SIZEOF (.init_rodata)
                0x00000000000263d4                __init_rodata_load_end__ = __init_rodata_end__
                0x0000000000000001                . = ASSERT (((__init_rodata_start__ == __init_rodata_end__) || ((__init_rodata_end__ - __FLASH_segment_start__) <= __FLASH_segment_size__)), error: .init_rodata is too large to fit in FLASH memory segment)
                0x00000000000263d4                __text_load_start__ = ALIGN (__init_rodata_end__, 0x4)

.text           0x00000000000263d4     0x3ce6
                0x00000000000263d4                __text_start__ = .
 *(.text .text.* .glue_7t .glue_7 .gnu.linkonce.t.* .gcc_except_table .ARM.extab* .gnu.linkonce.armextab.*)
 .glue_7        0x00000000000263d4        0x0 linker stubs
 .glue_7t       0x00000000000263d4        0x0 linker stubs
 .text.nrf_log_backend_serial_put
                0x00000000000263d4       0xc2 Output/Release/Obj/ble_app_beacon_pca10056_s140/nrf_log_backend_serial.o
                0x00000000000263d4                nrf_log_backend_serial_put
 *fill*         0x0000000000026496        0x2 
 .text.uart_evt_handler
                0x0000000000026498        0xc Output/Release/Obj/ble_app_beacon_pca10056_s140/nrf_log_backend_uart.o
 .text.nrf_log_backend_uart_flush
                0x00000000000264a4        0x2 Output/Release/Obj/ble_app_beacon_pca10056_s140/nrf_log_backend_uart.o
 *fill*         0x00000000000264a6        0x2 
 .text.uart_init
                0x00000000000264a8       0x5c Output/Release/Obj/ble_app_beacon_pca10056_s140/nrf_log_backend_uart.o
 .text.nrf_log_backend_uart_put
                0x0000000000026504       0x1c Output/Release/Obj/ble_app_beacon_pca10056_s140/nrf_log_backend_uart.o
 .text.serial_tx
                0x0000000000026520       0x48 Output/Release/Obj/ble_app_beacon_pca10056_s140/nrf_log_backend_uart.o
 .text.nrf_log_backend_uart_panic_set
                0x0000000000026568       0x2c Output/Release/Obj/ble_app_beacon_pca10056_s140/nrf_log_backend_uart.o
 .text.nrf_log_backend_uart_init
                0x0000000000026594        0x6 Output/Release/Obj/ble_app_beacon_pca10056_s140/nrf_log_backend_uart.o
                0x0000000000026594                nrf_log_backend_uart_init
 *fill*         0x000000000002659a        0x2 
 .text.nrf_log_default_backends_init
                0x000000000002659c       0x20 Output/Release/Obj/ble_app_beacon_pca10056_s140/nrf_log_default_backends.o
                0x000000000002659c                nrf_log_default_backends_init
 .text.invalid_packets_omit
                0x00000000000265bc       0x3a Output/Release/Obj/ble_app_beacon_pca10056_s140/nrf_log_frontend.o
 *fill*         0x00000000000265f6        0x2 
 .text.buf_prealloc
                0x00000000000265f8      0x138 Output/Release/Obj/ble_app_beacon_pca10056_s140/nrf_log_frontend.o
 .text.nrf_log_init
                0x0000000000026730       0x3c Output/Release/Obj/ble_app_beacon_pca10056_s140/nrf_log_frontend.o
                0x0000000000026730                nrf_log_init
 .text.nrf_log_module_name_get
                0x000000000002676c       0x38 Output/Release/Obj/ble_app_beacon_pca10056_s140/nrf_log_frontend.o
                0x000000000002676c                nrf_log_module_name_get
 .text.nrf_log_color_id_get
                0x00000000000267a4       0x2c Output/Release/Obj/ble_app_beacon_pca10056_s140/nrf_log_frontend.o
                0x00000000000267a4                nrf_log_color_id_get
 .text.buffer_is_empty
                0x00000000000267d0       0x14 Output/Release/Obj/ble_app_beacon_pca10056_s140/nrf_log_frontend.o
                0x00000000000267d0                buffer_is_empty
 .text.nrf_log_frontend_dequeue
                0x00000000000267e4      0x220 Output/Release/Obj/ble_app_beacon_pca10056_s140/nrf_log_frontend.o
                0x00000000000267e4                nrf_log_frontend_dequeue
 .text.std_n    0x0000000000026a04       0x98 Output/Release/Obj/ble_app_beacon_pca10056_s140/nrf_log_frontend.o
 .text.nrf_log_frontend_std_0
                0x0000000000026a9c        0x8 Output/Release/Obj/ble_app_beacon_pca10056_s140/nrf_log_frontend.o
                0x0000000000026a9c                nrf_log_frontend_std_0
 .text.nrf_log_frontend_std_1
                0x0000000000026aa4       0x12 Output/Release/Obj/ble_app_beacon_pca10056_s140/nrf_log_frontend.o
                0x0000000000026aa4                nrf_log_frontend_std_1
 .text.nrf_log_frontend_std_2
                0x0000000000026ab6       0x14 Output/Release/Obj/ble_app_beacon_pca10056_s140/nrf_log_frontend.o
                0x0000000000026ab6                nrf_log_frontend_std_2
 *fill*         0x0000000000026aca        0x2 
 .text.nrf_log_backend_add
                0x0000000000026acc       0x44 Output/Release/Obj/ble_app_beacon_pca10056_s140/nrf_log_frontend.o
                0x0000000000026acc                nrf_log_backend_add
 .text.nrf_log_panic
                0x0000000000026b10       0x2c Output/Release/Obj/ble_app_beacon_pca10056_s140/nrf_log_frontend.o
                0x0000000000026b10                nrf_log_panic
 .text.postfix_process
                0x0000000000026b3c       0x44 Output/Release/Obj/ble_app_beacon_pca10056_s140/nrf_log_str_formatter.o
 .text.prefix_process
                0x0000000000026b80       0x7c Output/Release/Obj/ble_app_beacon_pca10056_s140/nrf_log_str_formatter.o
 .text.nrf_log_std_entry_process
                0x0000000000026bfc       0xc8 Output/Release/Obj/ble_app_beacon_pca10056_s140/nrf_log_str_formatter.o
                0x0000000000026bfc                nrf_log_std_entry_process
 .text.nrf_log_hexdump_entry_process
                0x0000000000026cc4       0xb8 Output/Release/Obj/ble_app_beacon_pca10056_s140/nrf_log_str_formatter.o
                0x0000000000026cc4                nrf_log_hexdump_entry_process
 .text.detection_delay_timeout_handler
                0x0000000000026d7c       0xf0 Output/Release/Obj/ble_app_beacon_pca10056_s140/app_button.o
 .text.gpiote_event_handler
                0x0000000000026e6c       0x90 Output/Release/Obj/ble_app_beacon_pca10056_s140/app_button.o
 .text.app_button_init
                0x0000000000026efc       0xa8 Output/Release/Obj/ble_app_beacon_pca10056_s140/app_button.o
                0x0000000000026efc                app_button_init
 .text.app_button_enable
                0x0000000000026fa4       0x2c Output/Release/Obj/ble_app_beacon_pca10056_s140/app_button.o
                0x0000000000026fa4                app_button_enable
 .text.app_error_handler_bare
                0x0000000000026fd0       0x1a Output/Release/Obj/ble_app_beacon_pca10056_s140/app_error.o
                0x0000000000026fd0                app_error_handler_bare
 *fill*         0x0000000000026fea        0x2 
 .text.app_error_fault_handler
                0x0000000000026fec       0x70 Output/Release/Obj/ble_app_beacon_pca10056_s140/app_error_weak.o
                0x0000000000026fec                app_error_fault_handler
 .text.user_op_alloc
                0x000000000002705c       0x2c Output/Release/Obj/ble_app_beacon_pca10056_s140/app_timer.o
 .text.timer_stop_op_schedule
                0x0000000000027088       0x50 Output/Release/Obj/ble_app_beacon_pca10056_s140/app_timer.o
 .text.nrfx_coredep_delay_us.part.0.constprop.0
                0x00000000000270d8       0x10 Output/Release/Obj/ble_app_beacon_pca10056_s140/app_timer.o
 .text.rtc1_stop
                0x00000000000270e8       0x44 Output/Release/Obj/ble_app_beacon_pca10056_s140/app_timer.o
 .text.RTC1_IRQHandler
                0x000000000002712c       0x9c Output/Release/Obj/ble_app_beacon_pca10056_s140/app_timer.o
                0x000000000002712c                RTC1_IRQHandler
 .text.SWI0_EGU0_IRQHandler
                0x00000000000271c8      0x2bc Output/Release/Obj/ble_app_beacon_pca10056_s140/app_timer.o
                0x00000000000271c8                SWI0_EGU0_IRQHandler
 .text.app_timer_init
                0x0000000000027484       0x60 Output/Release/Obj/ble_app_beacon_pca10056_s140/app_timer.o
                0x0000000000027484                app_timer_init
 .text.app_timer_create
                0x00000000000274e4       0x24 Output/Release/Obj/ble_app_beacon_pca10056_s140/app_timer.o
                0x00000000000274e4                app_timer_create
 .text.app_timer_start
                0x0000000000027508       0x90 Output/Release/Obj/ble_app_beacon_pca10056_s140/app_timer.o
                0x0000000000027508                app_timer_start
 .text.app_timer_stop
                0x0000000000027598       0x20 Output/Release/Obj/ble_app_beacon_pca10056_s140/app_timer.o
                0x0000000000027598                app_timer_stop
 .text.app_util_critical_region_enter
                0x00000000000275b8       0x48 Output/Release/Obj/ble_app_beacon_pca10056_s140/app_util_platform.o
                0x00000000000275b8                app_util_critical_region_enter
 .text.app_util_critical_region_exit
                0x0000000000027600       0x2c Output/Release/Obj/ble_app_beacon_pca10056_s140/app_util_platform.o
                0x0000000000027600                app_util_critical_region_exit
 .text.nrf_atomic_u32_fetch_store
                0x000000000002762c       0x16 Output/Release/Obj/ble_app_beacon_pca10056_s140/nrf_atomic.o
                0x000000000002762c                nrf_atomic_u32_fetch_store
 .text.nrf_atomic_u32_or
                0x0000000000027642       0x18 Output/Release/Obj/ble_app_beacon_pca10056_s140/nrf_atomic.o
                0x0000000000027642                nrf_atomic_u32_or
 .text.nrf_atomic_u32_fetch_and
                0x000000000002765a       0x18 Output/Release/Obj/ble_app_beacon_pca10056_s140/nrf_atomic.o
                0x000000000002765a                nrf_atomic_u32_fetch_and
 .text.nrf_atomic_u32_add
                0x0000000000027672       0x18 Output/Release/Obj/ble_app_beacon_pca10056_s140/nrf_atomic.o
                0x0000000000027672                nrf_atomic_u32_add
 .text.nrf_atomic_u32_sub
                0x000000000002768a       0x18 Output/Release/Obj/ble_app_beacon_pca10056_s140/nrf_atomic.o
                0x000000000002768a                nrf_atomic_u32_sub
 .text.nrf_atomic_flag_set
                0x00000000000276a2        0x6 Output/Release/Obj/ble_app_beacon_pca10056_s140/nrf_atomic.o
                0x00000000000276a2                nrf_atomic_flag_set
 .text.nrf_atomic_flag_clear_fetch
                0x00000000000276a8        0x6 Output/Release/Obj/ble_app_beacon_pca10056_s140/nrf_atomic.o
                0x00000000000276a8                nrf_atomic_flag_clear_fetch
 .text.nrf_balloc_init
                0x00000000000276ae       0x2e Output/Release/Obj/ble_app_beacon_pca10056_s140/nrf_balloc.o
                0x00000000000276ae                nrf_balloc_init
 .text.nrf_balloc_alloc
                0x00000000000276dc       0x48 Output/Release/Obj/ble_app_beacon_pca10056_s140/nrf_balloc.o
                0x00000000000276dc                nrf_balloc_alloc
 .text.nrf_balloc_free
                0x0000000000027724       0x34 Output/Release/Obj/ble_app_beacon_pca10056_s140/nrf_balloc.o
                0x0000000000027724                nrf_balloc_free
 .text.nrf_fprintf_buffer_flush
                0x0000000000027758       0x16 Output/Release/Obj/ble_app_beacon_pca10056_s140/nrf_fprintf.o
                0x0000000000027758                nrf_fprintf_buffer_flush
 .text.nrf_fprintf
                0x000000000002776e       0x1c Output/Release/Obj/ble_app_beacon_pca10056_s140/nrf_fprintf.o
                0x000000000002776e                nrf_fprintf
 .text.buffer_add
                0x000000000002778a       0x2e Output/Release/Obj/ble_app_beacon_pca10056_s140/nrf_fprintf_format.o
 .text.unsigned_print
                0x00000000000277b8       0xb4 Output/Release/Obj/ble_app_beacon_pca10056_s140/nrf_fprintf_format.o
 .text.nrf_fprintf_fmt
                0x000000000002786c      0x29c Output/Release/Obj/ble_app_beacon_pca10056_s140/nrf_fprintf_format.o
                0x000000000002786c                nrf_fprintf_fmt
 .text.memobj_op
                0x0000000000027b08       0x86 Output/Release/Obj/ble_app_beacon_pca10056_s140/nrf_memobj.o
 .text.nrf_memobj_pool_init
                0x0000000000027b8e        0x4 Output/Release/Obj/ble_app_beacon_pca10056_s140/nrf_memobj.o
                0x0000000000027b8e                nrf_memobj_pool_init
 .text.nrf_memobj_free
                0x0000000000027b92       0x2c Output/Release/Obj/ble_app_beacon_pca10056_s140/nrf_memobj.o
                0x0000000000027b92                nrf_memobj_free
 .text.nrf_memobj_alloc
                0x0000000000027bbe       0x5e Output/Release/Obj/ble_app_beacon_pca10056_s140/nrf_memobj.o
                0x0000000000027bbe                nrf_memobj_alloc
 .text.nrf_memobj_get
                0x0000000000027c1c        0x8 Output/Release/Obj/ble_app_beacon_pca10056_s140/nrf_memobj.o
                0x0000000000027c1c                nrf_memobj_get
 .text.nrf_memobj_put
                0x0000000000027c24       0x1e Output/Release/Obj/ble_app_beacon_pca10056_s140/nrf_memobj.o
                0x0000000000027c24                nrf_memobj_put
 .text.nrf_memobj_write
                0x0000000000027c42       0x14 Output/Release/Obj/ble_app_beacon_pca10056_s140/nrf_memobj.o
                0x0000000000027c42                nrf_memobj_write
 .text.nrf_memobj_read
                0x0000000000027c56       0x14 Output/Release/Obj/ble_app_beacon_pca10056_s140/nrf_memobj.o
                0x0000000000027c56                nrf_memobj_read
 .text.sd_app_evt_wait
                0x0000000000027c6a        0x4 Output/Release/Obj/ble_app_beacon_pca10056_s140/nrf_pwr_mgmt.o
 *fill*         0x0000000000027c6e        0x2 
 .text.nrf_pwr_mgmt_init
                0x0000000000027c70       0x2c Output/Release/Obj/ble_app_beacon_pca10056_s140/nrf_pwr_mgmt.o
                0x0000000000027c70                nrf_pwr_mgmt_init
 .text.nrf_pwr_mgmt_run
                0x0000000000027c9c       0x4c Output/Release/Obj/ble_app_beacon_pca10056_s140/nrf_pwr_mgmt.o
                0x0000000000027c9c                nrf_pwr_mgmt_run
 .text.nrf_ringbuf_init
                0x0000000000027ce8       0x12 Output/Release/Obj/ble_app_beacon_pca10056_s140/nrf_ringbuf.o
                0x0000000000027ce8                nrf_ringbuf_init
 .text.nrf_section_iter_init
                0x0000000000027cfa       0x14 Output/Release/Obj/ble_app_beacon_pca10056_s140/nrf_section_iter.o
                0x0000000000027cfa                nrf_section_iter_init
 .text.nrf_section_iter_next
                0x0000000000027d0e       0x18 Output/Release/Obj/ble_app_beacon_pca10056_s140/nrf_section_iter.o
                0x0000000000027d0e                nrf_section_iter_next
 *fill*         0x0000000000027d26        0x2 
 .text.nrf_strerror_find
                0x0000000000027d28       0x3c Output/Release/Obj/ble_app_beacon_pca10056_s140/nrf_strerror.o
                0x0000000000027d28                nrf_strerror_find
 .text.nrf_strerror_get
                0x0000000000027d64       0x14 Output/Release/Obj/ble_app_beacon_pca10056_s140/nrf_strerror.o
                0x0000000000027d64                nrf_strerror_get
 .text.errata_98
                0x0000000000027d78       0x20 Output/Release/Obj/ble_app_beacon_pca10056_s140/system_nrf52840.o
 .text.SystemInit
                0x0000000000027d98      0x1b8 Output/Release/Obj/ble_app_beacon_pca10056_s140/system_nrf52840.o
                0x0000000000027d98                SystemInit
 .text.bsp_board_led_state_get
                0x0000000000027f50       0x28 Output/Release/Obj/ble_app_beacon_pca10056_s140/boards.o
                0x0000000000027f50                bsp_board_led_state_get
 .text.bsp_board_led_on
                0x0000000000027f78       0x28 Output/Release/Obj/ble_app_beacon_pca10056_s140/boards.o
                0x0000000000027f78                bsp_board_led_on
 .text.bsp_board_led_off
                0x0000000000027fa0       0x28 Output/Release/Obj/ble_app_beacon_pca10056_s140/boards.o
                0x0000000000027fa0                bsp_board_led_off
 .text.bsp_board_leds_off
                0x0000000000027fc8       0x1e Output/Release/Obj/ble_app_beacon_pca10056_s140/boards.o
                0x0000000000027fc8                bsp_board_leds_off
 .text.bsp_board_leds_on
                0x0000000000027fe6       0x1e Output/Release/Obj/ble_app_beacon_pca10056_s140/boards.o
                0x0000000000027fe6                bsp_board_leds_on
 .text.bsp_board_led_invert
                0x0000000000028004       0x34 Output/Release/Obj/ble_app_beacon_pca10056_s140/boards.o
                0x0000000000028004                bsp_board_led_invert
 .text.bsp_board_pin_to_button_idx
                0x0000000000028038       0x24 Output/Release/Obj/ble_app_beacon_pca10056_s140/boards.o
                0x0000000000028038                bsp_board_pin_to_button_idx
 .text.bsp_board_init
                0x000000000002805c       0x3e Output/Release/Obj/ble_app_beacon_pca10056_s140/boards.o
                0x000000000002805c                bsp_board_init
 *fill*         0x000000000002809a        0x2 
 .text.clock_clk_started_notify
                0x000000000002809c       0x24 Output/Release/Obj/ble_app_beacon_pca10056_s140/nrf_drv_clock.o
 .text.clock_irq_handler
                0x00000000000280c0       0x1c Output/Release/Obj/ble_app_beacon_pca10056_s140/nrf_drv_clock.o
 .text.soc_evt_handler
                0x00000000000280dc       0x14 Output/Release/Obj/ble_app_beacon_pca10056_s140/nrf_drv_clock.o
 .text.nrf_drv_clock_init
                0x00000000000280f0       0x38 Output/Release/Obj/ble_app_beacon_pca10056_s140/nrf_drv_clock.o
                0x00000000000280f0                nrf_drv_clock_init
 .text.nrf_drv_clock_lfclk_release
                0x0000000000028128       0x34 Output/Release/Obj/ble_app_beacon_pca10056_s140/nrf_drv_clock.o
                0x0000000000028128                nrf_drv_clock_lfclk_release
 .text.sd_state_evt_handler
                0x000000000002815c       0x58 Output/Release/Obj/ble_app_beacon_pca10056_s140/nrf_drv_clock.o
 .text.uarte_evt_handler
                0x00000000000281b4       0x34 Output/Release/Obj/ble_app_beacon_pca10056_s140/nrf_drv_uart.o
 .text.uart_evt_handler
                0x00000000000281e8       0x34 Output/Release/Obj/ble_app_beacon_pca10056_s140/nrf_drv_uart.o
 .text.nrf_drv_uart_init
                0x000000000002821c       0x7c Output/Release/Obj/ble_app_beacon_pca10056_s140/nrf_drv_uart.o
                0x000000000002821c                nrf_drv_uart_init
 .text.nrfx_clock_init
                0x0000000000028298       0x18 Output/Release/Obj/ble_app_beacon_pca10056_s140/nrfx_clock.o
                0x0000000000028298                nrfx_clock_init
 .text.nrfx_clock_enable
                0x00000000000282b0       0x24 Output/Release/Obj/ble_app_beacon_pca10056_s140/nrfx_clock.o
                0x00000000000282b0                nrfx_clock_enable
 .text.nrfx_clock_lfclk_stop
                0x00000000000282d4       0x18 Output/Release/Obj/ble_app_beacon_pca10056_s140/nrfx_clock.o
                0x00000000000282d4                nrfx_clock_lfclk_stop
 .text.POWER_CLOCK_IRQHandler
                0x00000000000282ec       0x64 Output/Release/Obj/ble_app_beacon_pca10056_s140/nrfx_clock.o
                0x00000000000282ec                POWER_CLOCK_IRQHandler
 .text.nrf_gpiote_event_clear
                0x0000000000028350       0x18 Output/Release/Obj/ble_app_beacon_pca10056_s140/nrfx_gpiote.o
 .text.nrf_gpio_pin_port_decode
                0x0000000000028368       0x18 Output/Release/Obj/ble_app_beacon_pca10056_s140/nrfx_gpiote.o
 .text.nrf_gpio_cfg_sense_set
                0x0000000000028380       0x2e Output/Release/Obj/ble_app_beacon_pca10056_s140/nrfx_gpiote.o
 *fill*         0x00000000000283ae        0x2 
 .text.channel_free
                0x00000000000283b0       0x1c Output/Release/Obj/ble_app_beacon_pca10056_s140/nrfx_gpiote.o
 .text.nrfx_gpiote_init
                0x00000000000283cc       0x70 Output/Release/Obj/ble_app_beacon_pca10056_s140/nrfx_gpiote.o
                0x00000000000283cc                nrfx_gpiote_init
 .text.nrfx_gpiote_is_init
                0x000000000002843c       0x14 Output/Release/Obj/ble_app_beacon_pca10056_s140/nrfx_gpiote.o
                0x000000000002843c                nrfx_gpiote_is_init
 .text.nrfx_gpiote_in_init
                0x0000000000028450       0xf8 Output/Release/Obj/ble_app_beacon_pca10056_s140/nrfx_gpiote.o
                0x0000000000028450                nrfx_gpiote_in_init
 .text.nrfx_gpiote_in_event_enable
                0x0000000000028548       0x94 Output/Release/Obj/ble_app_beacon_pca10056_s140/nrfx_gpiote.o
                0x0000000000028548                nrfx_gpiote_in_event_enable
 .text.nrfx_gpiote_in_is_set
                0x00000000000285dc       0x1c Output/Release/Obj/ble_app_beacon_pca10056_s140/nrfx_gpiote.o
                0x00000000000285dc                nrfx_gpiote_in_is_set
 .text.GPIOTE_IRQHandler
                0x00000000000285f8      0x1ac Output/Release/Obj/ble_app_beacon_pca10056_s140/nrfx_gpiote.o
                0x00000000000285f8                GPIOTE_IRQHandler
 .text.UARTE0_UART0_IRQHandler
                0x00000000000287a4        0xc Output/Release/Obj/ble_app_beacon_pca10056_s140/nrfx_prs.o
                0x00000000000287a4                UARTE0_UART0_IRQHandler
 .text.nrfx_prs_acquire
                0x00000000000287b0       0x44 Output/Release/Obj/ble_app_beacon_pca10056_s140/nrfx_prs.o
                0x00000000000287b0                nrfx_prs_acquire
 .text.nrfx_prs_release
                0x00000000000287f4       0x18 Output/Release/Obj/ble_app_beacon_pca10056_s140/nrfx_prs.o
                0x00000000000287f4                nrfx_prs_release
 .text.nrf_uart_event_clear
                0x000000000002880c       0x10 Output/Release/Obj/ble_app_beacon_pca10056_s140/nrfx_uart.o
 .text.tx_byte  0x000000000002881c       0x1e Output/Release/Obj/ble_app_beacon_pca10056_s140/nrfx_uart.o
 .text.rx_byte  0x000000000002883a       0x2c Output/Release/Obj/ble_app_beacon_pca10056_s140/nrfx_uart.o
 *fill*         0x0000000000028866        0x2 
 .text.rx_done_event.constprop.0
                0x0000000000028868       0x20 Output/Release/Obj/ble_app_beacon_pca10056_s140/nrfx_uart.o
 .text.nrfx_uart_0_irq_handler
                0x0000000000028888      0x138 Output/Release/Obj/ble_app_beacon_pca10056_s140/nrfx_uart.o
                0x0000000000028888                nrfx_uart_0_irq_handler
 .text.nrf_gpio_cfg_default
                0x00000000000289c0       0x20 Output/Release/Obj/ble_app_beacon_pca10056_s140/nrfx_uart.o
 .text.nrfx_uart_init
                0x00000000000289e0      0x1ac Output/Release/Obj/ble_app_beacon_pca10056_s140/nrfx_uart.o
                0x00000000000289e0                nrfx_uart_init
 .text.nrfx_uart_uninit
                0x0000000000028b8c       0xa8 Output/Release/Obj/ble_app_beacon_pca10056_s140/nrfx_uart.o
                0x0000000000028b8c                nrfx_uart_uninit
 .text.nrfx_uart_tx
                0x0000000000028c34       0x8c Output/Release/Obj/ble_app_beacon_pca10056_s140/nrfx_uart.o
                0x0000000000028c34                nrfx_uart_tx
 .text.nrf_uarte_event_clear
                0x0000000000028cc0       0x10 Output/Release/Obj/ble_app_beacon_pca10056_s140/nrfx_uarte.o
 .text.rx_done_event.constprop.0
                0x0000000000028cd0       0x20 Output/Release/Obj/ble_app_beacon_pca10056_s140/nrfx_uarte.o
 .text.nrfx_uarte_0_irq_handler
                0x0000000000028cf0       0xe4 Output/Release/Obj/ble_app_beacon_pca10056_s140/nrfx_uarte.o
                0x0000000000028cf0                nrfx_uarte_0_irq_handler
 .text.nrf_gpio_cfg_default
                0x0000000000028dd4       0x20 Output/Release/Obj/ble_app_beacon_pca10056_s140/nrfx_uarte.o
 .text.nrfx_uarte_init
                0x0000000000028df4      0x1bc Output/Release/Obj/ble_app_beacon_pca10056_s140/nrfx_uarte.o
                0x0000000000028df4                nrfx_uarte_init
 .text.nrfx_uarte_uninit
                0x0000000000028fb0       0xa8 Output/Release/Obj/ble_app_beacon_pca10056_s140/nrfx_uarte.o
                0x0000000000028fb0                nrfx_uarte_uninit
 .text.nrfx_uarte_tx
                0x0000000000029058       0x84 Output/Release/Obj/ble_app_beacon_pca10056_s140/nrfx_uarte.o
                0x0000000000029058                nrfx_uarte_tx
 .text.alert_timer_handler
                0x00000000000290dc        0x6 Output/Release/Obj/ble_app_beacon_pca10056_s140/bsp.o
 *fill*         0x00000000000290e2        0x2 
 .text.bsp_button_event_handler
                0x00000000000290e4       0x9c Output/Release/Obj/ble_app_beacon_pca10056_s140/bsp.o
 .text.button_timer_handler
                0x0000000000029180        0x8 Output/Release/Obj/ble_app_beacon_pca10056_s140/bsp.o
 .text.leds_off
                0x0000000000029188       0x2c Output/Release/Obj/ble_app_beacon_pca10056_s140/bsp.o
 .text.bsp_led_indication
                0x00000000000291b4      0x204 Output/Release/Obj/ble_app_beacon_pca10056_s140/bsp.o
 .text.leds_timer_handler
                0x00000000000293b8       0x1c Output/Release/Obj/ble_app_beacon_pca10056_s140/bsp.o
 .text.bsp_indication_set
                0x00000000000293d4       0x18 Output/Release/Obj/ble_app_beacon_pca10056_s140/bsp.o
                0x00000000000293d4                bsp_indication_set
 .text.bsp_init
                0x00000000000293ec       0x9c Output/Release/Obj/ble_app_beacon_pca10056_s140/bsp.o
                0x00000000000293ec                bsp_init
 .text.sd_ble_gap_adv_set_configure
                0x0000000000029488        0x4 Output/Release/Obj/ble_app_beacon_pca10056_s140/main.o
 .text.sd_ble_gap_adv_start
                0x000000000002948c        0x4 Output/Release/Obj/ble_app_beacon_pca10056_s140/main.o
 .text.startup.main
                0x0000000000029490      0x124 Output/Release/Obj/ble_app_beacon_pca10056_s140/main.o
                0x0000000000029490                main
 .text.sd_ble_gap_addr_get
                0x00000000000295b4        0x4 Output/Release/Obj/ble_app_beacon_pca10056_s140/ble_advdata.o
 .text.sd_ble_gap_appearance_get
                0x00000000000295b8        0x4 Output/Release/Obj/ble_app_beacon_pca10056_s140/ble_advdata.o
 .text.sd_ble_gap_device_name_get
                0x00000000000295bc        0x4 Output/Release/Obj/ble_app_beacon_pca10056_s140/ble_advdata.o
 .text.sd_ble_uuid_encode
                0x00000000000295c0        0x4 Output/Release/Obj/ble_app_beacon_pca10056_s140/ble_advdata.o
 .text.uuid_list_sized_encode
                0x00000000000295c4       0xac Output/Release/Obj/ble_app_beacon_pca10056_s140/ble_advdata.o
 .text.uuid_list_encode
                0x0000000000029670       0x38 Output/Release/Obj/ble_app_beacon_pca10056_s140/ble_advdata.o
 .text.ble_advdata_encode
                0x00000000000296a8      0x394 Output/Release/Obj/ble_app_beacon_pca10056_s140/ble_advdata.o
                0x00000000000296a8                ble_advdata_encode
 .text.sd_softdevice_enable
                0x0000000000029a3c        0x4 Output/Release/Obj/ble_app_beacon_pca10056_s140/nrf_sdh.o
 .text.sdh_request_observer_notify
                0x0000000000029a40       0x30 Output/Release/Obj/ble_app_beacon_pca10056_s140/nrf_sdh.o
 .text.sdh_state_observer_notify
                0x0000000000029a70       0x28 Output/Release/Obj/ble_app_beacon_pca10056_s140/nrf_sdh.o
 .text.softdevices_evt_irq_enable
                0x0000000000029a98       0x38 Output/Release/Obj/ble_app_beacon_pca10056_s140/nrf_sdh.o
 .text.nrf_sdh_enable_request
                0x0000000000029ad0       0x7c Output/Release/Obj/ble_app_beacon_pca10056_s140/nrf_sdh.o
                0x0000000000029ad0                nrf_sdh_enable_request
 .text.nrf_sdh_is_enabled
                0x0000000000029b4c        0xc Output/Release/Obj/ble_app_beacon_pca10056_s140/nrf_sdh.o
                0x0000000000029b4c                nrf_sdh_is_enabled
 .text.nrf_sdh_evts_poll
                0x0000000000029b58       0x28 Output/Release/Obj/ble_app_beacon_pca10056_s140/nrf_sdh.o
                0x0000000000029b58                nrf_sdh_evts_poll
 .text.SWI2_EGU2_IRQHandler
                0x0000000000029b80        0x4 Output/Release/Obj/ble_app_beacon_pca10056_s140/nrf_sdh.o
                0x0000000000029b80                SWI2_EGU2_IRQHandler
 .text.sd_ble_enable
                0x0000000000029b84        0x4 Output/Release/Obj/ble_app_beacon_pca10056_s140/nrf_sdh_ble.o
 .text.sd_ble_cfg_set
                0x0000000000029b88        0x4 Output/Release/Obj/ble_app_beacon_pca10056_s140/nrf_sdh_ble.o
 .text.sd_ble_evt_get
                0x0000000000029b8c        0x4 Output/Release/Obj/ble_app_beacon_pca10056_s140/nrf_sdh_ble.o
 .text.nrf_sdh_ble_evts_poll
                0x0000000000029b90       0x50 Output/Release/Obj/ble_app_beacon_pca10056_s140/nrf_sdh_ble.o
 .text.nrf_sdh_ble_default_cfg_set
                0x0000000000029be0      0x160 Output/Release/Obj/ble_app_beacon_pca10056_s140/nrf_sdh_ble.o
                0x0000000000029be0                nrf_sdh_ble_default_cfg_set
 .text.nrf_sdh_ble_enable
                0x0000000000029d40       0x98 Output/Release/Obj/ble_app_beacon_pca10056_s140/nrf_sdh_ble.o
                0x0000000000029d40                nrf_sdh_ble_enable
 .text.sd_evt_get
                0x0000000000029dd8        0x4 Output/Release/Obj/ble_app_beacon_pca10056_s140/nrf_sdh_soc.o
 .text.nrf_sdh_soc_evts_poll
                0x0000000000029ddc       0x3c Output/Release/Obj/ble_app_beacon_pca10056_s140/nrf_sdh_soc.o
 .text.libc.__int64_udivmod
                0x0000000000029e18       0xce C:/Program Files/SEGGER/SEGGER Embedded Studio for ARM 5.20a/lib/libc_v7em_fpv4_sp_d16_hard_t_le_eabi.a(libc_asm.o)
                0x0000000000029e18                __aeabi_uldivmod
                0x0000000000029e18                __int64_udiv
                0x0000000000029e18                __udivdi3
                0x0000000000029e18                __int64_udivmod
 *fill*         0x0000000000029ee6        0x2 
 .text.libc.__RAL_ascii_isctype
                0x0000000000029ee8       0x1c C:/Program Files/SEGGER/SEGGER Embedded Studio for ARM 5.20a/lib/libc_v7em_fpv4_sp_d16_hard_t_le_eabi.a(libc2.o)
 .text.libc.__RAL_ascii_toupper
                0x0000000000029f04        0xc C:/Program Files/SEGGER/SEGGER Embedded Studio for ARM 5.20a/lib/libc_v7em_fpv4_sp_d16_hard_t_le_eabi.a(libc2.o)
 .text.libc.__RAL_ascii_tolower
                0x0000000000029f10        0xc C:/Program Files/SEGGER/SEGGER Embedded Studio for ARM 5.20a/lib/libc_v7em_fpv4_sp_d16_hard_t_le_eabi.a(libc2.o)
 .text.libc.__RAL_ascii_iswctype
                0x0000000000029f1c       0x1c C:/Program Files/SEGGER/SEGGER Embedded Studio for ARM 5.20a/lib/libc_v7em_fpv4_sp_d16_hard_t_le_eabi.a(libc2.o)
 .text.libc.__RAL_ascii_towupper
                0x0000000000029f38        0xc C:/Program Files/SEGGER/SEGGER Embedded Studio for ARM 5.20a/lib/libc_v7em_fpv4_sp_d16_hard_t_le_eabi.a(libc2.o)
 .text.libc.__RAL_ascii_towlower
                0x0000000000029f44        0xc C:/Program Files/SEGGER/SEGGER Embedded Studio for ARM 5.20a/lib/libc_v7em_fpv4_sp_d16_hard_t_le_eabi.a(libc2.o)
 .text.libc.__RAL_ascii_wctomb
                0x0000000000029f50        0xe C:/Program Files/SEGGER/SEGGER Embedded Studio for ARM 5.20a/lib/libc_v7em_fpv4_sp_d16_hard_t_le_eabi.a(libc2.o)
                0x0000000000029f50                __RAL_ascii_wctomb
 .text.libc.__RAL_ascii_mbtowc
                0x0000000000029f5e       0x24 C:/Program Files/SEGGER/SEGGER Embedded Studio for ARM 5.20a/lib/libc_v7em_fpv4_sp_d16_hard_t_le_eabi.a(libc2.o)
                0x0000000000029f5e                __RAL_ascii_mbtowc
 *fill*         0x0000000000029f82        0x2 
 .text.libc.__RAL_isctype
                0x0000000000029f84       0x14 C:/Program Files/SEGGER/SEGGER Embedded Studio for ARM 5.20a/lib/libc_v7em_fpv4_sp_d16_hard_t_le_eabi.a(libc2.o)
                0x0000000000029f84                __RAL_isctype
 .text.libc.isprint
                0x0000000000029f98        0xa C:/Program Files/SEGGER/SEGGER Embedded Studio for ARM 5.20a/lib/libc_v7em_fpv4_sp_d16_hard_t_le_eabi.a(libc2.o)
                0x0000000000029f98                isprint
 .text.libc.memcpy
                0x0000000000029fa2       0x52 C:/Program Files/SEGGER/SEGGER Embedded Studio for ARM 5.20a/lib/libc_v7em_fpv4_sp_d16_hard_t_le_eabi.a(libc2_asm.o)
                0x0000000000029fa2                __aeabi_memcpy
                0x0000000000029fa2                memcpy
                0x0000000000029fae                __aeabi_memcpy8
                0x0000000000029fae                __aeabi_memcpy4
 .text.libc.memset
                0x0000000000029ff4       0x66 C:/Program Files/SEGGER/SEGGER Embedded Studio for ARM 5.20a/lib/libc_v7em_fpv4_sp_d16_hard_t_le_eabi.a(libc2_asm.o)
                0x0000000000029ff4                memset
 .text.libc.strlen
                0x000000000002a05a       0x60 C:/Program Files/SEGGER/SEGGER Embedded Studio for ARM 5.20a/lib/libc_v7em_fpv4_sp_d16_hard_t_le_eabi.a(libc2_asm.o)
                0x000000000002a05a                strlen
                0x000000000002a0ba                __text_end__ = (__text_start__ + SIZEOF (.text))
                0x0000000000003ce6                __text_size__ = SIZEOF (.text)
                0x000000000002a0ba                __text_load_end__ = __text_end__

.vfp11_veneer   0x0000000100000000        0x0
 .vfp11_veneer  0x0000000100000000        0x0 linker stubs

.v4_bx          0x0000000100000000        0x0
 .v4_bx         0x0000000100000000        0x0 linker stubs

.iplt           0x0000000100000000        0x0
 .iplt          0x0000000100000000        0x0 Output/Release/Obj/ble_app_beacon_pca10056_s140/thumb_crt0.o
                0x0000000000000001                . = ASSERT (((__text_start__ == __text_end__) || ((__text_end__ - __FLASH_segment_start__) <= __FLASH_segment_size__)), error: .text is too large to fit in FLASH memory segment)
                0x000000000002a0bc                __sdh_soc_observers_load_start__ = ALIGN (__text_end__, 0x4)

.sdh_soc_observers
                0x000000000002a0bc        0x8
                0x000000000002a0bc                __sdh_soc_observers_start__ = .
                0x000000000002a0bc                __start_sdh_soc_observers = __sdh_soc_observers_start__
 *(SORT_BY_NAME(.sdh_soc_observers*))
 .sdh_soc_observers0
                0x000000000002a0bc        0x8 Output/Release/Obj/ble_app_beacon_pca10056_s140/nrf_drv_clock.o
                0x000000000002a0c4                __sdh_soc_observers_end__ = (__sdh_soc_observers_start__ + SIZEOF (.sdh_soc_observers))
                0x0000000000000008                __sdh_soc_observers_size__ = SIZEOF (.sdh_soc_observers)
                0x000000000002a0c4                __stop_sdh_soc_observers = __sdh_soc_observers_end__
                0x000000000002a0c4                __sdh_soc_observers_load_end__ = __sdh_soc_observers_end__
                0x0000000000000001                . = ASSERT (((__sdh_soc_observers_start__ == __sdh_soc_observers_end__) || ((__sdh_soc_observers_end__ - __FLASH_segment_start__) <= __FLASH_segment_size__)), error: .sdh_soc_observers is too large to fit in FLASH memory segment)
                0x000000000002a0c4                __sdh_ble_observers_load_start__ = ALIGN (__sdh_soc_observers_end__, 0x4)

.sdh_ble_observers
                0x000000000002a0c4        0x0
                0x000000000002a0c4                __sdh_ble_observers_start__ = .
                0x000000000002a0c4                __start_sdh_ble_observers = __sdh_ble_observers_start__
 *(SORT_BY_NAME(.sdh_ble_observers*))
                0x000000000002a0c4                __sdh_ble_observers_end__ = (__sdh_ble_observers_start__ + SIZEOF (.sdh_ble_observers))
                0x0000000000000000                __sdh_ble_observers_size__ = SIZEOF (.sdh_ble_observers)
                0x000000000002a0c4                __stop_sdh_ble_observers = __sdh_ble_observers_end__
                0x000000000002a0c4                __sdh_ble_observers_load_end__ = __sdh_ble_observers_end__
                0x0000000000000001                . = ASSERT (((__sdh_ble_observers_start__ == __sdh_ble_observers_end__) || ((__sdh_ble_observers_end__ - __FLASH_segment_start__) <= __FLASH_segment_size__)), error: .sdh_ble_observers is too large to fit in FLASH memory segment)
                0x000000000002a0c4                __pwr_mgmt_data_load_start__ = ALIGN (__sdh_ble_observers_end__, 0x4)

.pwr_mgmt_data  0x000000000002a0c4        0x0
                0x000000000002a0c4                __pwr_mgmt_data_start__ = .
                0x000000000002a0c4                __start_pwr_mgmt_data = __pwr_mgmt_data_start__
 *(SORT_BY_NAME(.pwr_mgmt_data*))
                0x000000000002a0c4                __pwr_mgmt_data_end__ = (__pwr_mgmt_data_start__ + SIZEOF (.pwr_mgmt_data))
                0x0000000000000000                __pwr_mgmt_data_size__ = SIZEOF (.pwr_mgmt_data)
                0x000000000002a0c4                __stop_pwr_mgmt_data = __pwr_mgmt_data_end__
                0x000000000002a0c4                __pwr_mgmt_data_load_end__ = __pwr_mgmt_data_end__
                0x0000000000000001                . = ASSERT (((__pwr_mgmt_data_start__ == __pwr_mgmt_data_end__) || ((__pwr_mgmt_data_end__ - __FLASH_segment_start__) <= __FLASH_segment_size__)), error: .pwr_mgmt_data is too large to fit in FLASH memory segment)
                0x000000000002a0c4                __sdh_req_observers_load_start__ = ALIGN (__pwr_mgmt_data_end__, 0x4)

.sdh_req_observers
                0x000000000002a0c4        0x0
                0x000000000002a0c4                __sdh_req_observers_start__ = .
                0x000000000002a0c4                __start_sdh_req_observers = __sdh_req_observers_start__
 *(SORT_BY_NAME(.sdh_req_observers*))
                0x000000000002a0c4                __sdh_req_observers_end__ = (__sdh_req_observers_start__ + SIZEOF (.sdh_req_observers))
                0x0000000000000000                __sdh_req_observers_size__ = SIZEOF (.sdh_req_observers)
                0x000000000002a0c4                __stop_sdh_req_observers = __sdh_req_observers_end__
                0x000000000002a0c4                __sdh_req_observers_load_end__ = __sdh_req_observers_end__
                0x0000000000000001                . = ASSERT (((__sdh_req_observers_start__ == __sdh_req_observers_end__) || ((__sdh_req_observers_end__ - __FLASH_segment_start__) <= __FLASH_segment_size__)), error: .sdh_req_observers is too large to fit in FLASH memory segment)
                0x000000000002a0c4                __sdh_state_observers_load_start__ = ALIGN (__sdh_req_observers_end__, 0x4)

.sdh_state_observers
                0x000000000002a0c4        0x8
                0x000000000002a0c4                __sdh_state_observers_start__ = .
                0x000000000002a0c4                __start_sdh_state_observers = __sdh_state_observers_start__
 *(SORT_BY_NAME(.sdh_state_observers*))
 .sdh_state_observers0
                0x000000000002a0c4        0x8 Output/Release/Obj/ble_app_beacon_pca10056_s140/nrf_drv_clock.o
                0x000000000002a0cc                __sdh_state_observers_end__ = (__sdh_state_observers_start__ + SIZEOF (.sdh_state_observers))
                0x0000000000000008                __sdh_state_observers_size__ = SIZEOF (.sdh_state_observers)
                0x000000000002a0cc                __stop_sdh_state_observers = __sdh_state_observers_end__
                0x000000000002a0cc                __sdh_state_observers_load_end__ = __sdh_state_observers_end__
                0x0000000000000001                . = ASSERT (((__sdh_state_observers_start__ == __sdh_state_observers_end__) || ((__sdh_state_observers_end__ - __FLASH_segment_start__) <= __FLASH_segment_size__)), error: .sdh_state_observers is too large to fit in FLASH memory segment)
                0x000000000002a0cc                __sdh_stack_observers_load_start__ = ALIGN (__sdh_state_observers_end__, 0x4)

.sdh_stack_observers
                0x000000000002a0cc       0x10
                0x000000000002a0cc                __sdh_stack_observers_start__ = .
                0x000000000002a0cc                __start_sdh_stack_observers = __sdh_stack_observers_start__
 *(SORT_BY_NAME(.sdh_stack_observers*))
 .sdh_stack_observers0
                0x000000000002a0cc        0x8 Output/Release/Obj/ble_app_beacon_pca10056_s140/nrf_sdh_ble.o
 .sdh_stack_observers0
                0x000000000002a0d4        0x8 Output/Release/Obj/ble_app_beacon_pca10056_s140/nrf_sdh_soc.o
                0x000000000002a0dc                __sdh_stack_observers_end__ = (__sdh_stack_observers_start__ + SIZEOF (.sdh_stack_observers))
                0x0000000000000010                __sdh_stack_observers_size__ = SIZEOF (.sdh_stack_observers)
                0x000000000002a0dc                __stop_sdh_stack_observers = __sdh_stack_observers_end__
                0x000000000002a0dc                __sdh_stack_observers_load_end__ = __sdh_stack_observers_end__
                0x0000000000000001                . = ASSERT (((__sdh_stack_observers_start__ == __sdh_stack_observers_end__) || ((__sdh_stack_observers_end__ - __FLASH_segment_start__) <= __FLASH_segment_size__)), error: .sdh_stack_observers is too large to fit in FLASH memory segment)
                0x000000000002a0dc                __nrf_queue_load_start__ = ALIGN (__sdh_stack_observers_end__, 0x4)

.nrf_queue      0x000000000002a0dc        0x0
                0x000000000002a0dc                __nrf_queue_start__ = .
                0x000000000002a0dc                __start_nrf_queue = __nrf_queue_start__
 *(.nrf_queue*)
                0x000000000002a0dc                __nrf_queue_end__ = (__nrf_queue_start__ + SIZEOF (.nrf_queue))
                0x0000000000000000                __nrf_queue_size__ = SIZEOF (.nrf_queue)
                0x000000000002a0dc                __stop_nrf_queue = __nrf_queue_end__
                0x000000000002a0dc                __nrf_queue_load_end__ = __nrf_queue_end__
                0x0000000000000001                . = ASSERT (((__nrf_queue_start__ == __nrf_queue_end__) || ((__nrf_queue_end__ - __FLASH_segment_start__) <= __FLASH_segment_size__)), error: .nrf_queue is too large to fit in FLASH memory segment)
                0x000000000002a0dc                __nrf_balloc_load_start__ = ALIGN (__nrf_queue_end__, 0x4)

.nrf_balloc     0x000000000002a0dc       0x14
                0x000000000002a0dc                __nrf_balloc_start__ = .
                0x000000000002a0dc                __start_nrf_balloc = __nrf_balloc_start__
 *(.nrf_balloc*)
 .nrf_balloc    0x000000000002a0dc       0x14 Output/Release/Obj/ble_app_beacon_pca10056_s140/nrf_log_frontend.o
                0x000000000002a0dc                log_mempool
                0x000000000002a0f0                __nrf_balloc_end__ = (__nrf_balloc_start__ + SIZEOF (.nrf_balloc))
                0x0000000000000014                __nrf_balloc_size__ = SIZEOF (.nrf_balloc)
                0x000000000002a0f0                __stop_nrf_balloc = __nrf_balloc_end__
                0x000000000002a0f0                __nrf_balloc_load_end__ = __nrf_balloc_end__
                0x0000000000000001                . = ASSERT (((__nrf_balloc_start__ == __nrf_balloc_end__) || ((__nrf_balloc_end__ - __FLASH_segment_start__) <= __FLASH_segment_size__)), error: .nrf_balloc is too large to fit in FLASH memory segment)
                0x000000000002a0f0                __cli_command_load_start__ = ALIGN (__nrf_balloc_end__, 0x4)

.cli_command    0x000000000002a0f0        0x0
                0x000000000002a0f0                __cli_command_start__ = .
                0x000000000002a0f0                __start_cli_command = __cli_command_start__
 *(.cli_command*)
                0x000000000002a0f0                __cli_command_end__ = (__cli_command_start__ + SIZEOF (.cli_command))
                0x0000000000000000                __cli_command_size__ = SIZEOF (.cli_command)
                0x000000000002a0f0                __stop_cli_command = __cli_command_end__
                0x000000000002a0f0                __cli_command_load_end__ = __cli_command_end__
                0x0000000000000001                . = ASSERT (((__cli_command_start__ == __cli_command_end__) || ((__cli_command_end__ - __FLASH_segment_start__) <= __FLASH_segment_size__)), error: .cli_command is too large to fit in FLASH memory segment)
                0x000000000002a0f0                __crypto_data_load_start__ = ALIGN (__cli_command_end__, 0x4)

.crypto_data    0x000000000002a0f0        0x0
                0x000000000002a0f0                __crypto_data_start__ = .
                0x000000000002a0f0                __start_crypto_data = __crypto_data_start__
 *(SORT_BY_NAME(.crypto_data*))
                0x000000000002a0f0                __crypto_data_end__ = (__crypto_data_start__ + SIZEOF (.crypto_data))
                0x0000000000000000                __crypto_data_size__ = SIZEOF (.crypto_data)
                0x000000000002a0f0                __stop_crypto_data = __crypto_data_end__
                0x000000000002a0f0                __crypto_data_load_end__ = __crypto_data_end__
                0x0000000000000001                . = ASSERT (((__crypto_data_start__ == __crypto_data_end__) || ((__crypto_data_end__ - __FLASH_segment_start__) <= __FLASH_segment_size__)), error: .crypto_data is too large to fit in FLASH memory segment)
                0x000000000002a0f0                __log_const_data_load_start__ = ALIGN (__crypto_data_end__, 0x4)

.log_const_data
                0x000000000002a0f0       0x58
                0x000000000002a0f0                __log_const_data_start__ = .
                0x000000000002a0f0                __start_log_const_data = __log_const_data_start__
 *(SORT_BY_NAME(.log_const_data*))
 .log_const_data_CLOCK
                0x000000000002a0f0        0x8 Output/Release/Obj/ble_app_beacon_pca10056_s140/nrfx_clock.o
                0x000000000002a0f0                m_nrf_log_CLOCK_logs_data_const
 .log_const_data_GPIOTE
                0x000000000002a0f8        0x8 Output/Release/Obj/ble_app_beacon_pca10056_s140/nrfx_gpiote.o
                0x000000000002a0f8                m_nrf_log_GPIOTE_logs_data_const
 .log_const_data_PRS
                0x000000000002a100        0x8 Output/Release/Obj/ble_app_beacon_pca10056_s140/nrfx_prs.o
                0x000000000002a100                m_nrf_log_PRS_logs_data_const
 .log_const_data_UART
                0x000000000002a108        0x8 Output/Release/Obj/ble_app_beacon_pca10056_s140/nrfx_uart.o
                0x000000000002a108                m_nrf_log_UART_logs_data_const
 .log_const_data_UARTE
                0x000000000002a110        0x8 Output/Release/Obj/ble_app_beacon_pca10056_s140/nrfx_uarte.o
                0x000000000002a110                m_nrf_log_UARTE_logs_data_const
 .log_const_data_app
                0x000000000002a118        0x8 Output/Release/Obj/ble_app_beacon_pca10056_s140/nrf_log_frontend.o
                0x000000000002a118                m_nrf_log_app_logs_data_const
 .log_const_data_clock
                0x000000000002a120        0x8 Output/Release/Obj/ble_app_beacon_pca10056_s140/nrf_drv_clock.o
                0x000000000002a120                m_nrf_log_clock_logs_data_const
 .log_const_data_nrf_sdh
                0x000000000002a128        0x8 Output/Release/Obj/ble_app_beacon_pca10056_s140/nrf_sdh.o
                0x000000000002a128                m_nrf_log_nrf_sdh_logs_data_const
 .log_const_data_nrf_sdh_ble
                0x000000000002a130        0x8 Output/Release/Obj/ble_app_beacon_pca10056_s140/nrf_sdh_ble.o
                0x000000000002a130                m_nrf_log_nrf_sdh_ble_logs_data_const
 .log_const_data_nrf_sdh_soc
                0x000000000002a138        0x8 Output/Release/Obj/ble_app_beacon_pca10056_s140/nrf_sdh_soc.o
                0x000000000002a138                m_nrf_log_nrf_sdh_soc_logs_data_const
 .log_const_data_pwr_mgmt
                0x000000000002a140        0x8 Output/Release/Obj/ble_app_beacon_pca10056_s140/nrf_pwr_mgmt.o
                0x000000000002a140                m_nrf_log_pwr_mgmt_logs_data_const
                0x000000000002a148                __log_const_data_end__ = (__log_const_data_start__ + SIZEOF (.log_const_data))
                0x0000000000000058                __log_const_data_size__ = SIZEOF (.log_const_data)
                0x000000000002a148                __stop_log_const_data = __log_const_data_end__
                0x000000000002a148                __log_const_data_load_end__ = __log_const_data_end__
                0x0000000000000001                . = ASSERT (((__log_const_data_start__ == __log_const_data_end__) || ((__log_const_data_end__ - __FLASH_segment_start__) <= __FLASH_segment_size__)), error: .log_const_data is too large to fit in FLASH memory segment)
                0x000000000002a148                __log_backends_load_start__ = ALIGN (__log_const_data_end__, 0x4)

.log_backends   0x000000000002a148       0x10
                0x000000000002a148                __log_backends_start__ = .
                0x000000000002a148                __start_log_backends = __log_backends_start__
 *(SORT_BY_NAME(.log_backends*))
 .log_backends  0x000000000002a148       0x10 Output/Release/Obj/ble_app_beacon_pca10056_s140/nrf_log_default_backends.o
                0x000000000002a158                __log_backends_end__ = (__log_backends_start__ + SIZEOF (.log_backends))
                0x0000000000000010                __log_backends_size__ = SIZEOF (.log_backends)
                0x000000000002a158                __stop_log_backends = __log_backends_end__
                0x000000000002a158                __log_backends_load_end__ = __log_backends_end__
                0x0000000000000001                . = ASSERT (((__log_backends_start__ == __log_backends_end__) || ((__log_backends_end__ - __FLASH_segment_start__) <= __FLASH_segment_size__)), error: .log_backends is too large to fit in FLASH memory segment)
                0x000000000002a158                __nrf_sections_load_start__ = ALIGN (__log_backends_end__, 0x4)

.nrf_sections   0x000000000002a158        0x0
                0x000000000002a158                __nrf_sections_start__ = .
                0x000000000002a158                __start_nrf_sections = __nrf_sections_start__
 *(.nrf_sections .nrf_sections.*)
                0x000000000002a158                __nrf_sections_end__ = (__nrf_sections_start__ + SIZEOF (.nrf_sections))
                0x0000000000000000                __nrf_sections_size__ = SIZEOF (.nrf_sections)
                0x000000000002a158                __nrf_sections_load_end__ = __nrf_sections_end__
                0x0000000000000001                . = ASSERT (((__nrf_sections_start__ == __nrf_sections_end__) || ((__nrf_sections_end__ - __FLASH_segment_start__) <= __FLASH_segment_size__)), error: .nrf_sections is too large to fit in FLASH memory segment)
                0x000000000002a158                __cli_sorted_cmd_ptrs_load_start__ = ALIGN (__nrf_sections_end__, 0x4)

.cli_sorted_cmd_ptrs
                0x0000000020002d58        0x0 load address 0x000000000002a158
                0x0000000020002d58                __cli_sorted_cmd_ptrs_start__ = .
 *(.cli_sorted_cmd_ptrs*)
                0x0000000020002d58                __cli_sorted_cmd_ptrs_end__ = (__cli_sorted_cmd_ptrs_start__ + SIZEOF (.cli_sorted_cmd_ptrs))
                0x0000000000000000                __cli_sorted_cmd_ptrs_size__ = SIZEOF (.cli_sorted_cmd_ptrs)
                0x000000000002a158                __cli_sorted_cmd_ptrs_load_end__ = (__cli_sorted_cmd_ptrs_load_start__ + SIZEOF (.cli_sorted_cmd_ptrs))
                0x0000000000000001                . = ASSERT (((__cli_sorted_cmd_ptrs_load_start__ == __cli_sorted_cmd_ptrs_load_end__) || ((__cli_sorted_cmd_ptrs_load_end__ - __FLASH_segment_start__) <= __FLASH_segment_size__)), error: .cli_sorted_cmd_ptrs is too large to fit in FLASH memory segment)

.cli_sorted_cmd_ptrs_run
                0x0000000020002d58        0x0
                0x0000000020002d58                __cli_sorted_cmd_ptrs_run_start__ = .
                0x0000000020002d58                __start_cli_sorted_cmd_ptrs = __cli_sorted_cmd_ptrs_run_start__
                0x0000000020002d58                . = MAX ((__cli_sorted_cmd_ptrs_run_start__ + SIZEOF (.cli_sorted_cmd_ptrs)), .)
                0x0000000020002d58                __cli_sorted_cmd_ptrs_run_end__ = (__cli_sorted_cmd_ptrs_run_start__ + SIZEOF (.cli_sorted_cmd_ptrs_run))
                0x0000000000000000                __cli_sorted_cmd_ptrs_run_size__ = SIZEOF (.cli_sorted_cmd_ptrs_run)
                0x0000000020002d58                __stop_cli_sorted_cmd_ptrs = __cli_sorted_cmd_ptrs_run_end__
                0x0000000020002d58                __cli_sorted_cmd_ptrs_run_load_end__ = __cli_sorted_cmd_ptrs_run_end__
                0x0000000000000001                . = ASSERT (((__cli_sorted_cmd_ptrs_run_start__ == __cli_sorted_cmd_ptrs_run_end__) || ((__cli_sorted_cmd_ptrs_run_end__ - __RAM_segment_start__) <= __RAM_segment_size__)), error: .cli_sorted_cmd_ptrs_run is too large to fit in RAM memory segment)
                0x000000000002a158                __fs_data_load_start__ = ALIGN ((__cli_sorted_cmd_ptrs_load_start__ + SIZEOF (.cli_sorted_cmd_ptrs)), 0x4)

.fs_data        0x0000000020002d58        0x0 load address 0x000000000002a158
                0x0000000020002d58                __fs_data_start__ = .
 *(.fs_data*)
                0x0000000020002d58                __fs_data_end__ = (__fs_data_start__ + SIZEOF (.fs_data))
                0x0000000000000000                __fs_data_size__ = SIZEOF (.fs_data)
                0x000000000002a158                __fs_data_load_end__ = (__fs_data_load_start__ + SIZEOF (.fs_data))
                0x0000000000000001                . = ASSERT (((__fs_data_load_start__ == __fs_data_load_end__) || ((__fs_data_load_end__ - __FLASH_segment_start__) <= __FLASH_segment_size__)), error: .fs_data is too large to fit in FLASH memory segment)

.fs_data_run    0x0000000020002d58        0x0
                0x0000000020002d58                __fs_data_run_start__ = .
                0x0000000020002d58                __start_fs_data = __fs_data_run_start__
                0x0000000020002d58                . = MAX ((__fs_data_run_start__ + SIZEOF (.fs_data)), .)
                0x0000000020002d58                __fs_data_run_end__ = (__fs_data_run_start__ + SIZEOF (.fs_data_run))
                0x0000000000000000                __fs_data_run_size__ = SIZEOF (.fs_data_run)
                0x0000000020002d58                __stop_fs_data = __fs_data_run_end__
                0x0000000020002d58                __fs_data_run_load_end__ = __fs_data_run_end__
                0x0000000000000001                . = ASSERT (((__fs_data_run_start__ == __fs_data_run_end__) || ((__fs_data_run_end__ - __RAM_segment_start__) <= __RAM_segment_size__)), error: .fs_data_run is too large to fit in RAM memory segment)
                0x000000000002a158                __log_dynamic_data_load_start__ = ALIGN ((__fs_data_load_start__ + SIZEOF (.fs_data)), 0x4)

.log_dynamic_data
                0x0000000020002d58        0x0 load address 0x000000000002a158
                0x0000000020002d58                __log_dynamic_data_start__ = .
 *(SORT_BY_NAME(.log_dynamic_data*))
                0x0000000020002d58                __log_dynamic_data_end__ = (__log_dynamic_data_start__ + SIZEOF (.log_dynamic_data))
                0x0000000000000000                __log_dynamic_data_size__ = SIZEOF (.log_dynamic_data)
                0x000000000002a158                __log_dynamic_data_load_end__ = (__log_dynamic_data_load_start__ + SIZEOF (.log_dynamic_data))
                0x0000000000000001                . = ASSERT (((__log_dynamic_data_load_start__ == __log_dynamic_data_load_end__) || ((__log_dynamic_data_load_end__ - __FLASH_segment_start__) <= __FLASH_segment_size__)), error: .log_dynamic_data is too large to fit in FLASH memory segment)

.log_dynamic_data_run
                0x0000000020002d58        0x0
                0x0000000020002d58                __log_dynamic_data_run_start__ = .
                0x0000000020002d58                __start_log_dynamic_data = __log_dynamic_data_run_start__
                0x0000000020002d58                . = MAX ((__log_dynamic_data_run_start__ + SIZEOF (.log_dynamic_data)), .)
                0x0000000020002d58                __log_dynamic_data_run_end__ = (__log_dynamic_data_run_start__ + SIZEOF (.log_dynamic_data_run))
                0x0000000000000000                __log_dynamic_data_run_size__ = SIZEOF (.log_dynamic_data_run)
                0x0000000020002d58                __stop_log_dynamic_data = __log_dynamic_data_run_end__
                0x0000000020002d58                __log_dynamic_data_run_load_end__ = __log_dynamic_data_run_end__
                0x0000000000000001                . = ASSERT (((__log_dynamic_data_run_start__ == __log_dynamic_data_run_end__) || ((__log_dynamic_data_run_end__ - __RAM_segment_start__) <= __RAM_segment_size__)), error: .log_dynamic_data_run is too large to fit in RAM memory segment)
                0x000000000002a158                __log_filter_data_load_start__ = ALIGN ((__log_dynamic_data_load_start__ + SIZEOF (.log_dynamic_data)), 0x4)

.log_filter_data
                0x0000000020002d58        0x0 load address 0x000000000002a158
                0x0000000020002d58                __log_filter_data_start__ = .
 *(SORT_BY_NAME(.log_filter_data*))
                0x0000000020002d58                __log_filter_data_end__ = (__log_filter_data_start__ + SIZEOF (.log_filter_data))
                0x0000000000000000                __log_filter_data_size__ = SIZEOF (.log_filter_data)
                0x000000000002a158                __log_filter_data_load_end__ = (__log_filter_data_load_start__ + SIZEOF (.log_filter_data))
                0x0000000000000001                . = ASSERT (((__log_filter_data_load_start__ == __log_filter_data_load_end__) || ((__log_filter_data_load_end__ - __FLASH_segment_start__) <= __FLASH_segment_size__)), error: .log_filter_data is too large to fit in FLASH memory segment)

.log_filter_data_run
                0x0000000020002d58        0x0
                0x0000000020002d58                __log_filter_data_run_start__ = .
                0x0000000020002d58                __start_log_filter_data = __log_filter_data_run_start__
                0x0000000020002d58                . = MAX ((__log_filter_data_run_start__ + SIZEOF (.log_filter_data)), .)
                0x0000000020002d58                __log_filter_data_run_end__ = (__log_filter_data_run_start__ + SIZEOF (.log_filter_data_run))
                0x0000000000000000                __log_filter_data_run_size__ = SIZEOF (.log_filter_data_run)
                0x0000000020002d58                __stop_log_filter_data = __log_filter_data_run_end__
                0x0000000020002d58                __log_filter_data_run_load_end__ = __log_filter_data_run_end__
                0x0000000000000001                . = ASSERT (((__log_filter_data_run_start__ == __log_filter_data_run_end__) || ((__log_filter_data_run_end__ - __RAM_segment_start__) <= __RAM_segment_size__)), error: .log_filter_data_run is too large to fit in RAM memory segment)
                0x0000000020002d58                __nrf_sections_run_end_load_start__ = ALIGN (__log_filter_data_run_end__, 0x4)

.nrf_sections_run_end
                0x0000000020002d58        0x0
                0x0000000020002d58                __nrf_sections_run_end_start__ = .
                0x0000000020002d58                __end_nrf_sections_run = __nrf_sections_run_end_start__
 *(.nrf_sections_run_end .nrf_sections_run_end.*)
                0x0000000020002d58                __nrf_sections_run_end_end__ = (__nrf_sections_run_end_start__ + SIZEOF (.nrf_sections_run_end))
                0x0000000000000000                __nrf_sections_run_end_size__ = SIZEOF (.nrf_sections_run_end)
                0x0000000020002d58                __nrf_sections_run_end_load_end__ = __nrf_sections_run_end_end__
                0x0000000000000001                . = ASSERT (((__nrf_sections_run_end_start__ == __nrf_sections_run_end_end__) || ((__nrf_sections_run_end_end__ - __RAM_segment_start__) <= __RAM_segment_size__)), error: .nrf_sections_run_end is too large to fit in RAM memory segment)
                0x000000000002a158                __dtors_load_start__ = ALIGN ((__log_filter_data_load_start__ + SIZEOF (.log_filter_data)), 0x4)

.dtors          0x000000000002a158        0x0
                0x000000000002a158                __dtors_start__ = .
 *(SORT_BY_NAME(.dtors.*))
 *(.dtors)
 *(.fini_array)
 *(SORT_BY_NAME(.fini_array.*))
                0x000000000002a158                __dtors_end__ = (__dtors_start__ + SIZEOF (.dtors))
                0x0000000000000000                __dtors_size__ = SIZEOF (.dtors)
                0x000000000002a158                __dtors_load_end__ = __dtors_end__
                0x0000000000000001                . = ASSERT (((__dtors_start__ == __dtors_end__) || ((__dtors_end__ - __FLASH_segment_start__) <= __FLASH_segment_size__)), error: .dtors is too large to fit in FLASH memory segment)
                0x000000000002a158                __ctors_load_start__ = ALIGN (__dtors_end__, 0x4)

.ctors          0x000000000002a158        0x0
                0x000000000002a158                __ctors_start__ = .
 *(SORT_BY_NAME(.ctors.*))
 *(.ctors)
 *(.init_array)
 *(SORT_BY_NAME(.init_array.*))
                0x000000000002a158                __ctors_end__ = (__ctors_start__ + SIZEOF (.ctors))
                0x0000000000000000                __ctors_size__ = SIZEOF (.ctors)
                0x000000000002a158                __ctors_load_end__ = __ctors_end__
                0x0000000000000001                . = ASSERT (((__ctors_start__ == __ctors_end__) || ((__ctors_end__ - __FLASH_segment_start__) <= __FLASH_segment_size__)), error: .ctors is too large to fit in FLASH memory segment)
                0x000000000002a158                __rodata_load_start__ = ALIGN (__ctors_end__, 0x4)

.rodata         0x000000000002a158      0xba2
                0x000000000002a158                __rodata_start__ = .
 *(.rodata .rodata.* .gnu.linkonce.r.*)
 .rodata        0x000000000002a158       0x20 Output/Release/Obj/ble_app_beacon_pca10056_s140/nrf_log_backend_uart.o
 .rodata.nrf_log_backend_uart_api
                0x000000000002a178        0xc Output/Release/Obj/ble_app_beacon_pca10056_s140/nrf_log_backend_uart.o
                0x000000000002a178                nrf_log_backend_uart_api
 .rodata.str1.1
                0x000000000002a184       0x11 Output/Release/Obj/ble_app_beacon_pca10056_s140/nrf_log_default_backends.o
 .rodata.nrf_log_frontend_dequeue.str1.1
                0x000000000002a195       0x11 Output/Release/Obj/ble_app_beacon_pca10056_s140/nrf_log_frontend.o
 .rodata.str1.1
                0x000000000002a1a6        0x4 Output/Release/Obj/ble_app_beacon_pca10056_s140/nrf_log_frontend.o
 *fill*         0x000000000002a1aa        0x2 
 .rodata.m_log_push_ringbuf
                0x000000000002a1ac        0xc Output/Release/Obj/ble_app_beacon_pca10056_s140/nrf_log_frontend.o
 .rodata.postfix_process.str1.1
                0x000000000002a1b8        0x8 Output/Release/Obj/ble_app_beacon_pca10056_s140/nrf_log_str_formatter.o
                                          0xb (size before relaxing)
 .rodata.prefix_process.str1.1
                0x000000000002a1c0       0x2a Output/Release/Obj/ble_app_beacon_pca10056_s140/nrf_log_str_formatter.o
 .rodata.nrf_log_hexdump_entry_process.str1.1
                0x000000000002a1ea        0xf Output/Release/Obj/ble_app_beacon_pca10056_s140/nrf_log_str_formatter.o
                                         0x11 (size before relaxing)
 .rodata.str1.1
                0x000000000002a1f9       0x4b Output/Release/Obj/ble_app_beacon_pca10056_s140/nrf_log_str_formatter.o
                                         0x51 (size before relaxing)
 .rodata.m_colors
                0x000000000002a244       0x24 Output/Release/Obj/ble_app_beacon_pca10056_s140/nrf_log_str_formatter.o
 .rodata.severity_names
                0x000000000002a268       0x14 Output/Release/Obj/ble_app_beacon_pca10056_s140/nrf_log_str_formatter.o
 .rodata.m_detection_delay_timer_id
                0x000000000002a27c        0x4 Output/Release/Obj/ble_app_beacon_pca10056_s140/app_button.o
 .rodata.app_error_fault_handler.str1.1
                0x000000000002a280       0x19 Output/Release/Obj/ble_app_beacon_pca10056_s140/app_error_weak.o
 *fill*         0x000000000002a299        0x7 
 .rodata.delay_machine_code.8692
                0x000000000002a2a0        0x6 Output/Release/Obj/ble_app_beacon_pca10056_s140/app_timer.o
 .rodata._aV2C.7836
                0x000000000002a2a6       0x10 Output/Release/Obj/ble_app_beacon_pca10056_s140/nrf_fprintf_format.o
 .rodata.str1.1
                0x000000000002a2b6        0x9 Output/Release/Obj/ble_app_beacon_pca10056_s140/nrf_pwr_mgmt.o
 *fill*         0x000000000002a2bf        0x1 
 .rodata.pwr_mgmt_data
                0x000000000002a2c0        0xc Output/Release/Obj/ble_app_beacon_pca10056_s140/nrf_pwr_mgmt.o
 .rodata.str1.1
                0x000000000002a2cc      0x3ba Output/Release/Obj/ble_app_beacon_pca10056_s140/nrf_strerror.o
 .rodata.m_unknown_str
                0x000000000002a686       0x13 Output/Release/Obj/ble_app_beacon_pca10056_s140/nrf_strerror.o
 *fill*         0x000000000002a699        0x3 
 .rodata.nrf_strerror_array
                0x000000000002a69c      0x128 Output/Release/Obj/ble_app_beacon_pca10056_s140/nrf_strerror.o
 .rodata.m_board_led_list
                0x000000000002a7c4        0x4 Output/Release/Obj/ble_app_beacon_pca10056_s140/boards.o
 .rodata.str1.1
                0x000000000002a7c8        0x6 Output/Release/Obj/ble_app_beacon_pca10056_s140/nrf_drv_clock.o
 .rodata.str1.1
                0x000000000002a7ce        0x6 Output/Release/Obj/ble_app_beacon_pca10056_s140/nrfx_clock.o
 .rodata.str1.1
                0x000000000002a7d4        0x7 Output/Release/Obj/ble_app_beacon_pca10056_s140/nrfx_gpiote.o
 .rodata.str1.1
                0x000000000002a7db        0x4 Output/Release/Obj/ble_app_beacon_pca10056_s140/nrfx_prs.o
 .rodata.str1.1
                0x000000000002a7df        0x5 Output/Release/Obj/ble_app_beacon_pca10056_s140/nrfx_uart.o
 .rodata.str1.1
                0x000000000002a7e4        0x6 Output/Release/Obj/ble_app_beacon_pca10056_s140/nrfx_uarte.o
 *fill*         0x000000000002a7ea        0x2 
 .rodata.app_buttons
                0x000000000002a7ec       0x20 Output/Release/Obj/ble_app_beacon_pca10056_s140/bsp.o
 .rodata.m_bsp_alert_tmr
                0x000000000002a80c        0x4 Output/Release/Obj/ble_app_beacon_pca10056_s140/bsp.o
 .rodata.m_bsp_button_tmr
                0x000000000002a810        0x4 Output/Release/Obj/ble_app_beacon_pca10056_s140/bsp.o
 .rodata.m_bsp_leds_tmr
                0x000000000002a814        0x4 Output/Release/Obj/ble_app_beacon_pca10056_s140/bsp.o
 .rodata.main.str1.1
                0x000000000002a818       0x18 Output/Release/Obj/ble_app_beacon_pca10056_s140/main.o
 .rodata.str1.1
                0x000000000002a830        0x8 Output/Release/Obj/ble_app_beacon_pca10056_s140/nrf_sdh.o
 .rodata        0x000000000002a838        0x4 Output/Release/Obj/ble_app_beacon_pca10056_s140/nrf_sdh.o
 .rodata.sdh_req_observers
                0x000000000002a83c        0xc Output/Release/Obj/ble_app_beacon_pca10056_s140/nrf_sdh.o
 .rodata.sdh_stack_observers
                0x000000000002a848        0xc Output/Release/Obj/ble_app_beacon_pca10056_s140/nrf_sdh.o
 .rodata.sdh_state_observers
                0x000000000002a854        0xc Output/Release/Obj/ble_app_beacon_pca10056_s140/nrf_sdh.o
 .rodata.nrf_sdh_ble_default_cfg_set.str1.1
                0x000000000002a860      0x182 Output/Release/Obj/ble_app_beacon_pca10056_s140/nrf_sdh_ble.o
 .rodata.nrf_sdh_ble_enable.str1.1
                0x000000000002a9e2       0xa7 Output/Release/Obj/ble_app_beacon_pca10056_s140/nrf_sdh_ble.o
 .rodata.str1.1
                0x000000000002aa89        0xc Output/Release/Obj/ble_app_beacon_pca10056_s140/nrf_sdh_ble.o
 *fill*         0x000000000002aa95        0x3 
 .rodata.sdh_ble_observers
                0x000000000002aa98        0xc Output/Release/Obj/ble_app_beacon_pca10056_s140/nrf_sdh_ble.o
 .rodata.str1.1
                0x000000000002aaa4        0xc Output/Release/Obj/ble_app_beacon_pca10056_s140/nrf_sdh_soc.o
 .rodata.sdh_soc_observers
                0x000000000002aab0        0xc Output/Release/Obj/ble_app_beacon_pca10056_s140/nrf_sdh_soc.o
 .rodata.libc.__RAL_find_locale.str1.4
                0x000000000002aabc        0xa C:/Program Files/SEGGER/SEGGER Embedded Studio for ARM 5.20a/lib/libc_v7em_fpv4_sp_d16_hard_t_le_eabi.a(libc2.o)
 *fill*         0x000000000002aac6        0x2 
 .rodata.libc.__RAL_ascii_ctype_map
                0x000000000002aac8       0x80 C:/Program Files/SEGGER/SEGGER Embedded Studio for ARM 5.20a/lib/libc_v7em_fpv4_sp_d16_hard_t_le_eabi.a(libc2.o)
                0x000000000002aac8                __RAL_ascii_ctype_map
 .rodata.libc.__RAL_ascii_ctype_mask
                0x000000000002ab48        0xd C:/Program Files/SEGGER/SEGGER Embedded Studio for ARM 5.20a/lib/libc_v7em_fpv4_sp_d16_hard_t_le_eabi.a(libc2.o)
 *fill*         0x000000000002ab55        0x3 
 .rodata.libc.__RAL_c_locale
                0x000000000002ab58        0xc C:/Program Files/SEGGER/SEGGER Embedded Studio for ARM 5.20a/lib/libc_v7em_fpv4_sp_d16_hard_t_le_eabi.a(libc2.o)
                0x000000000002ab58                __RAL_c_locale
 .rodata.libc.__RAL_c_locale_abbrev_day_names
                0x000000000002ab64       0x1d C:/Program Files/SEGGER/SEGGER Embedded Studio for ARM 5.20a/lib/libc_v7em_fpv4_sp_d16_hard_t_le_eabi.a(libc2.o)
                0x000000000002ab64                __RAL_c_locale_abbrev_day_names
 *fill*         0x000000000002ab81        0x3 
 .rodata.libc.__RAL_c_locale_abbrev_month_names
                0x000000000002ab84       0x31 C:/Program Files/SEGGER/SEGGER Embedded Studio for ARM 5.20a/lib/libc_v7em_fpv4_sp_d16_hard_t_le_eabi.a(libc2.o)
                0x000000000002ab84                __RAL_c_locale_abbrev_month_names
 *fill*         0x000000000002abb5        0x3 
 .rodata.libc.__RAL_c_locale_am_pm_indicator
                0x000000000002abb8        0x7 C:/Program Files/SEGGER/SEGGER Embedded Studio for ARM 5.20a/lib/libc_v7em_fpv4_sp_d16_hard_t_le_eabi.a(libc2.o)
                0x000000000002abb8                __RAL_c_locale_am_pm_indicator
 *fill*         0x000000000002abbf        0x1 
 .rodata.libc.__RAL_c_locale_data
                0x000000000002abc0       0x58 C:/Program Files/SEGGER/SEGGER Embedded Studio for ARM 5.20a/lib/libc_v7em_fpv4_sp_d16_hard_t_le_eabi.a(libc2.o)
                0x000000000002abc0                __RAL_c_locale_data
 .rodata.libc.__RAL_c_locale_date_format
                0x000000000002ac18        0x9 C:/Program Files/SEGGER/SEGGER Embedded Studio for ARM 5.20a/lib/libc_v7em_fpv4_sp_d16_hard_t_le_eabi.a(libc2.o)
                0x000000000002ac18                __RAL_c_locale_date_format
 *fill*         0x000000000002ac21        0x3 
 .rodata.libc.__RAL_c_locale_date_time_format
                0x000000000002ac24        0xf C:/Program Files/SEGGER/SEGGER Embedded Studio for ARM 5.20a/lib/libc_v7em_fpv4_sp_d16_hard_t_le_eabi.a(libc2.o)
                0x000000000002ac24                __RAL_c_locale_date_time_format
 *fill*         0x000000000002ac33        0x1 
 .rodata.libc.__RAL_c_locale_day_names
                0x000000000002ac34       0x3a C:/Program Files/SEGGER/SEGGER Embedded Studio for ARM 5.20a/lib/libc_v7em_fpv4_sp_d16_hard_t_le_eabi.a(libc2.o)
                0x000000000002ac34                __RAL_c_locale_day_names
 *fill*         0x000000000002ac6e        0x2 
 .rodata.libc.__RAL_c_locale_month_names
                0x000000000002ac70       0x57 C:/Program Files/SEGGER/SEGGER Embedded Studio for ARM 5.20a/lib/libc_v7em_fpv4_sp_d16_hard_t_le_eabi.a(libc2.o)
                0x000000000002ac70                __RAL_c_locale_month_names
 *fill*         0x000000000002acc7        0x1 
 .rodata.libc.__RAL_c_locale_time_format
                0x000000000002acc8        0x9 C:/Program Files/SEGGER/SEGGER Embedded Studio for ARM 5.20a/lib/libc_v7em_fpv4_sp_d16_hard_t_le_eabi.a(libc2.o)
                0x000000000002acc8                __RAL_c_locale_time_format
 *fill*         0x000000000002acd1        0x3 
 .rodata.libc.__RAL_codeset_ascii
                0x000000000002acd4       0x20 C:/Program Files/SEGGER/SEGGER Embedded Studio for ARM 5.20a/lib/libc_v7em_fpv4_sp_d16_hard_t_le_eabi.a(libc2.o)
                0x000000000002acd4                __RAL_codeset_ascii
 .rodata.libc.__RAL_data_empty_string
                0x000000000002acf4        0x1 C:/Program Files/SEGGER/SEGGER Embedded Studio for ARM 5.20a/lib/libc_v7em_fpv4_sp_d16_hard_t_le_eabi.a(libc2.o)
                0x000000000002acf4                __RAL_data_empty_string
 *fill*         0x000000000002acf5        0x3 
 .rodata.libc.__RAL_data_utf8_period
                0x000000000002acf8        0x2 C:/Program Files/SEGGER/SEGGER Embedded Studio for ARM 5.20a/lib/libc_v7em_fpv4_sp_d16_hard_t_le_eabi.a(libc2.o)
                0x000000000002acf8                __RAL_data_utf8_period
                0x000000000002acfa                __rodata_end__ = (__rodata_start__ + SIZEOF (.rodata))
                0x0000000000000ba2                __rodata_size__ = SIZEOF (.rodata)
                0x000000000002acfa                __rodata_load_end__ = __rodata_end__

.rel.dyn        0x000000000002acfc        0x0
 .rel.iplt      0x000000000002acfc        0x0 Output/Release/Obj/ble_app_beacon_pca10056_s140/thumb_crt0.o
                0x0000000000000001                . = ASSERT (((__rodata_start__ == __rodata_end__) || ((__rodata_end__ - __FLASH_segment_start__) <= __FLASH_segment_size__)), error: .rodata is too large to fit in FLASH memory segment)
                0x000000000002acfc                __ARM.exidx_load_start__ = ALIGN (__rodata_end__, 0x4)

.ARM.exidx      0x000000000002acfc        0x0
                0x000000000002acfc                __ARM.exidx_start__ = .
                0x000000000002acfc                __exidx_start = __ARM.exidx_start__
 *(.ARM.exidx .ARM.exidx.*)
                0x000000000002acfc                __ARM.exidx_end__ = (__ARM.exidx_start__ + SIZEOF (.ARM.exidx))
                0x0000000000000000                __ARM.exidx_size__ = SIZEOF (.ARM.exidx)
                0x000000000002acfc                __exidx_end = __ARM.exidx_end__
                0x000000000002acfc                __ARM.exidx_load_end__ = __ARM.exidx_end__
                0x0000000000000001                . = ASSERT (((__ARM.exidx_start__ == __ARM.exidx_end__) || ((__ARM.exidx_end__ - __FLASH_segment_start__) <= __FLASH_segment_size__)), error: .ARM.exidx is too large to fit in FLASH memory segment)
                0x000000000002acfc                __fast_load_start__ = ALIGN (__ARM.exidx_end__, 0x4)

.fast           0x0000000020002d58        0x0 load address 0x000000000002acfc
                0x0000000020002d58                __fast_start__ = .
 *(.fast .fast.*)
                0x0000000020002d58                __fast_end__ = (__fast_start__ + SIZEOF (.fast))
                0x0000000000000000                __fast_size__ = SIZEOF (.fast)
                0x000000000002acfc                __fast_load_end__ = (__fast_load_start__ + SIZEOF (.fast))
                0x0000000000000001                . = ASSERT (((__fast_load_start__ == __fast_load_end__) || ((__fast_load_end__ - __FLASH_segment_start__) <= __FLASH_segment_size__)), error: .fast is too large to fit in FLASH memory segment)

.fast_run       0x0000000020002d58        0x0
                0x0000000020002d58                __fast_run_start__ = .
                0x0000000020002d58                . = MAX ((__fast_run_start__ + SIZEOF (.fast)), .)
                0x0000000020002d58                __fast_run_end__ = (__fast_run_start__ + SIZEOF (.fast_run))
                0x0000000000000000                __fast_run_size__ = SIZEOF (.fast_run)
                0x0000000020002d58                __fast_run_load_end__ = __fast_run_end__
                0x0000000000000001                . = ASSERT (((__fast_run_start__ == __fast_run_end__) || ((__fast_run_end__ - __RAM_segment_start__) <= __RAM_segment_size__)), error: .fast_run is too large to fit in RAM memory segment)
                0x000000000002acfc                __data_load_start__ = ALIGN ((__fast_load_start__ + SIZEOF (.fast)), 0x4)

.data           0x0000000020002d58       0x5c load address 0x000000000002acfc
                0x0000000020002d58                __data_start__ = .
 *(.data .data.* .gnu.linkonce.d.*)
 .data.m_uart   0x0000000020002d58       0x14 Output/Release/Obj/ble_app_beacon_pca10056_s140/nrf_log_backend_uart.o
                0x0000000020002d58                m_uart
 .data.log_backend_cb_uart_log_backend
                0x0000000020002d6c        0x8 Output/Release/Obj/ble_app_beacon_pca10056_s140/nrf_log_default_backends.o
 .data.SystemCoreClock
                0x0000000020002d74        0x4 Output/Release/Obj/ble_app_beacon_pca10056_s140/system_nrf52840.o
                0x0000000020002d74                SystemCoreClock
 .data.m_adv_data
                0x0000000020002d78       0x10 Output/Release/Obj/ble_app_beacon_pca10056_s140/main.o
 .data.m_adv_handle
                0x0000000020002d88        0x1 Output/Release/Obj/ble_app_beacon_pca10056_s140/main.o
 .data.m_beacon_info
                0x0000000020002d89       0x17 Output/Release/Obj/ble_app_beacon_pca10056_s140/main.o
 .data.libc.__RAL_global_locale
                0x0000000020002da0       0x14 C:/Program Files/SEGGER/SEGGER Embedded Studio for ARM 5.20a/lib/libc_v7em_fpv4_sp_d16_hard_t_le_eabi.a(libc2.o)
                0x0000000020002da0                __RAL_global_locale
                0x0000000020002db4                __data_end__ = (__data_start__ + SIZEOF (.data))
                0x000000000000005c                __data_size__ = SIZEOF (.data)
                0x000000000002ad58                __data_load_end__ = (__data_load_start__ + SIZEOF (.data))

.igot.plt       0x0000000100000000        0x0
 .igot.plt      0x0000000100000000        0x0 Output/Release/Obj/ble_app_beacon_pca10056_s140/thumb_crt0.o
                0x0000000000000001                . = ASSERT (((__data_load_start__ == __data_load_end__) || ((__data_load_end__ - __FLASH_segment_start__) <= __FLASH_segment_size__)), error: .data is too large to fit in FLASH memory segment)

.data_run       0x0000000020002d58       0x5c load address 0x000000000002acfc
                0x0000000020002d58                __data_run_start__ = .
                0x0000000020002db4                . = MAX ((__data_run_start__ + SIZEOF (.data)), .)
 *fill*         0x0000000020002d58       0x5c 
                0x0000000020002db4                __data_run_end__ = (__data_run_start__ + SIZEOF (.data_run))
                0x000000000000005c                __data_run_size__ = SIZEOF (.data_run)
                0x0000000020002db4                __data_run_load_end__ = __data_run_end__
                0x0000000000000001                . = ASSERT (((__data_run_start__ == __data_run_end__) || ((__data_run_end__ - __RAM_segment_start__) <= __RAM_segment_size__)), error: .data_run is too large to fit in RAM memory segment)
                0x000000000002ad58                __tdata_load_start__ = ALIGN ((__data_load_start__ + SIZEOF (.data)), 0x4)

.tdata          0x0000000020002db4        0x0 load address 0x000000000002ad58
                0x0000000020002db4                __tdata_start__ = .
 *(.tdata .tdata.*)
                0x0000000020002db4                __tdata_end__ = (__tdata_start__ + SIZEOF (.tdata))
                0x0000000000000000                __tdata_size__ = SIZEOF (.tdata)
                0x000000000002ad58                __tdata_load_end__ = (__tdata_load_start__ + SIZEOF (.tdata))
                0x000000000002ad58                __FLASH_segment_used_end__ = (ALIGN ((__data_load_start__ + SIZEOF (.data)), 0x4) + SIZEOF (.tdata))
                0x000000000002ad58                __FLASH_segment_used_size__ = (__FLASH_segment_used_end__ - __FLASH_segment_start__)
                0x0000000000000001                . = ASSERT (((__tdata_load_start__ == __tdata_load_end__) || ((__tdata_load_end__ - __FLASH_segment_start__) <= __FLASH_segment_size__)), error: .tdata is too large to fit in FLASH memory segment)

.tdata_run      0x0000000020002db4        0x0
                0x0000000020002db4                __tdata_run_start__ = .
                0x0000000020002db4                . = MAX ((__tdata_run_start__ + SIZEOF (.tdata)), .)
                0x0000000020002db4                __tdata_run_end__ = (__tdata_run_start__ + SIZEOF (.tdata_run))
                0x0000000000000000                __tdata_run_size__ = SIZEOF (.tdata_run)
                0x0000000020002db4                __tdata_run_load_end__ = __tdata_run_end__
                0x0000000000000001                . = ASSERT (((__tdata_run_start__ == __tdata_run_end__) || ((__tdata_run_end__ - __RAM_segment_start__) <= __RAM_segment_size__)), error: .tdata_run is too large to fit in RAM memory segment)
                0x0000000020002db4                __bss_load_start__ = ALIGN (__tdata_run_end__, 0x4)

.bss            0x0000000020002db4      0x903
                0x0000000020002db4                __bss_start__ = .
 *(.bss .bss.* .gnu.linkonce.b.*)
 .bss.m_async_mode
                0x0000000020002db4        0x1 Output/Release/Obj/ble_app_beacon_pca10056_s140/nrf_log_backend_uart.o
 .bss.m_string_buff
                0x0000000020002db5       0x40 Output/Release/Obj/ble_app_beacon_pca10056_s140/nrf_log_backend_uart.o
 .bss.m_xfer_done
                0x0000000020002df5        0x1 Output/Release/Obj/ble_app_beacon_pca10056_s140/nrf_log_backend_uart.o
 *fill*         0x0000000020002df6        0x2 
 .bss.log_mempool_nrf_balloc_cb
                0x0000000020002df8        0x8 Output/Release/Obj/ble_app_beacon_pca10056_s140/nrf_log_frontend.o
 .bss.log_mempool_nrf_balloc_pool_mem
                0x0000000020002e00       0xc0 Output/Release/Obj/ble_app_beacon_pca10056_s140/nrf_log_frontend.o
 .bss.log_mempool_nrf_balloc_pool_stack
                0x0000000020002ec0        0x8 Output/Release/Obj/ble_app_beacon_pca10056_s140/nrf_log_frontend.o
 .bss.m_log_data